Archive member included to satisfy reference by file (symbol)

/home/victor/ti/tivaware/driverlib/gcc/libdriver.a(emac.o)
                              ./lwip/port/tiva-tm4c129.o (EMACConfigSet)
/home/victor/ti/tivaware/driverlib/gcc/libdriver.a(gpio.o)
                              ./Drivers/pinout.o (GPIOPadConfigSet)
/home/victor/ti/tivaware/driverlib/gcc/libdriver.a(interrupt.o)
                              ./lwip/port/tiva-tm4c129.o (IntMasterEnable)
/home/victor/ti/tivaware/driverlib/gcc/libdriver.a(sw_crc.o)
                              /home/victor/ti/tivaware/driverlib/gcc/libdriver.a(emac.o) (Crc32)
/home/victor/ti/tivaware/driverlib/gcc/libdriver.a(sysctl.o)
                              ./main.o (SysCtlPeripheralReady)
/home/victor/ti/tivaware/driverlib/gcc/libdriver.a(cpu.o)
                              /home/victor/ti/tivaware/driverlib/gcc/libdriver.a(interrupt.o) (CPUcpsid)
/home/victor/ti/ccs1010/ccs/tools/compiler/gcc-arm-none-eabi-7-2017-q4-major/bin/../lib/gcc/arm-none-eabi/7.2.1/../../../../arm-none-eabi/lib/thumb/v7e-m/fpv4-sp/hard/libg.a(lib_a-atoi.o)
                              ./lwip/src/api/netdb.o (atoi)
/home/victor/ti/ccs1010/ccs/tools/compiler/gcc-arm-none-eabi-7-2017-q4-major/bin/../lib/gcc/arm-none-eabi/7.2.1/../../../../arm-none-eabi/lib/thumb/v7e-m/fpv4-sp/hard/libg.a(lib_a-exit.o)
                              /home/victor/ti/ccs1010/ccs/tools/compiler/gcc-arm-none-eabi-7-2017-q4-major/bin/../lib/gcc/arm-none-eabi/7.2.1/../../../../arm-none-eabi/lib/thumb/v7e-m/fpv4-sp/hard/crt0.o (exit)
/home/victor/ti/ccs1010/ccs/tools/compiler/gcc-arm-none-eabi-7-2017-q4-major/bin/../lib/gcc/arm-none-eabi/7.2.1/../../../../arm-none-eabi/lib/thumb/v7e-m/fpv4-sp/hard/libg.a(lib_a-impure.o)
                              /home/victor/ti/ccs1010/ccs/tools/compiler/gcc-arm-none-eabi-7-2017-q4-major/bin/../lib/gcc/arm-none-eabi/7.2.1/../../../../arm-none-eabi/lib/thumb/v7e-m/fpv4-sp/hard/libg.a(lib_a-exit.o) (_global_impure_ptr)
/home/victor/ti/ccs1010/ccs/tools/compiler/gcc-arm-none-eabi-7-2017-q4-major/bin/../lib/gcc/arm-none-eabi/7.2.1/../../../../arm-none-eabi/lib/thumb/v7e-m/fpv4-sp/hard/libg.a(lib_a-init.o)
                              /home/victor/ti/ccs1010/ccs/tools/compiler/gcc-arm-none-eabi-7-2017-q4-major/bin/../lib/gcc/arm-none-eabi/7.2.1/../../../../arm-none-eabi/lib/thumb/v7e-m/fpv4-sp/hard/crt0.o (__libc_init_array)
/home/victor/ti/ccs1010/ccs/tools/compiler/gcc-arm-none-eabi-7-2017-q4-major/bin/../lib/gcc/arm-none-eabi/7.2.1/../../../../arm-none-eabi/lib/thumb/v7e-m/fpv4-sp/hard/libg.a(lib_a-locale.o)
                              ./lwip/src/core/dns.o (__locale_ctype_ptr)
/home/victor/ti/ccs1010/ccs/tools/compiler/gcc-arm-none-eabi-7-2017-q4-major/bin/../lib/gcc/arm-none-eabi/7.2.1/../../../../arm-none-eabi/lib/thumb/v7e-m/fpv4-sp/hard/libg.a(lib_a-mbtowc_r.o)
                              /home/victor/ti/ccs1010/ccs/tools/compiler/gcc-arm-none-eabi-7-2017-q4-major/bin/../lib/gcc/arm-none-eabi/7.2.1/../../../../arm-none-eabi/lib/thumb/v7e-m/fpv4-sp/hard/libg.a(lib_a-locale.o) (__ascii_mbtowc)
/home/victor/ti/ccs1010/ccs/tools/compiler/gcc-arm-none-eabi-7-2017-q4-major/bin/../lib/gcc/arm-none-eabi/7.2.1/../../../../arm-none-eabi/lib/thumb/v7e-m/fpv4-sp/hard/libg.a(lib_a-memcmp.o)
                              ./lwip/src/netif/ethernet.o (memcmp)
/home/victor/ti/ccs1010/ccs/tools/compiler/gcc-arm-none-eabi-7-2017-q4-major/bin/../lib/gcc/arm-none-eabi/7.2.1/../../../../arm-none-eabi/lib/thumb/v7e-m/fpv4-sp/hard/libg.a(lib_a-memcpy.o)
                              ./FreeRTOS/queue.o (memcpy)
/home/victor/ti/ccs1010/ccs/tools/compiler/gcc-arm-none-eabi-7-2017-q4-major/bin/../lib/gcc/arm-none-eabi/7.2.1/../../../../arm-none-eabi/lib/thumb/v7e-m/fpv4-sp/hard/libg.a(lib_a-memmove.o)
                              ./lwip/src/core/def.o (memmove)
/home/victor/ti/ccs1010/ccs/tools/compiler/gcc-arm-none-eabi-7-2017-q4-major/bin/../lib/gcc/arm-none-eabi/7.2.1/../../../../arm-none-eabi/lib/thumb/v7e-m/fpv4-sp/hard/libg.a(lib_a-memset.o)
                              /home/victor/ti/ccs1010/ccs/tools/compiler/gcc-arm-none-eabi-7-2017-q4-major/bin/../lib/gcc/arm-none-eabi/7.2.1/../../../../arm-none-eabi/lib/thumb/v7e-m/fpv4-sp/hard/crt0.o (memset)
/home/victor/ti/ccs1010/ccs/tools/compiler/gcc-arm-none-eabi-7-2017-q4-major/bin/../lib/gcc/arm-none-eabi/7.2.1/../../../../arm-none-eabi/lib/thumb/v7e-m/fpv4-sp/hard/libg.a(lib_a-printf.o)
                              ./lwip/apps/httpserver_raw/httpd.o (printf)
/home/victor/ti/ccs1010/ccs/tools/compiler/gcc-arm-none-eabi-7-2017-q4-major/bin/../lib/gcc/arm-none-eabi/7.2.1/../../../../arm-none-eabi/lib/thumb/v7e-m/fpv4-sp/hard/libg.a(lib_a-rand.o)
                              ./lwip/src/core/dns.o (rand)
/home/victor/ti/ccs1010/ccs/tools/compiler/gcc-arm-none-eabi-7-2017-q4-major/bin/../lib/gcc/arm-none-eabi/7.2.1/../../../../arm-none-eabi/lib/thumb/v7e-m/fpv4-sp/hard/libg.a(lib_a-reent.o)
[...]
Memory Configuration

Name             Origin             Length             Attributes
FLASH            0x0000000000000000 0x0000000000100000 xr
SRAM             0x0000000020000000 0x0000000000040000 xw
*default*        0x0000000000000000 0xffffffffffffffff

Linker script and memory map

LOAD /home/victor/ti/ccs1010/ccs/tools/compiler/gcc-arm-none-eabi-7-2017-q4-major/bin/../lib/gcc/arm-none-eabi/7.2.1/thumb/v7e-m/fpv4-sp/hard/crti.o
LOAD /home/victor/ti/ccs1010/ccs/tools/compiler/gcc-arm-none-eabi-7-2017-q4-major/bin/../lib/gcc/arm-none-eabi/7.2.1/thumb/v7e-m/fpv4-sp/hard/crtbegin.o
LOAD /home/victor/ti/ccs1010/ccs/tools/compiler/gcc-arm-none-eabi-7-2017-q4-major/bin/../lib/gcc/arm-none-eabi/7.2.1/../../../../arm-none-eabi/lib/thumb/v7e-m/fpv4-sp/hard/crt0.o
LOAD ./main.o
LOAD ./tm4c1294ncpdt_startup_ccs_gcc.o
LOAD ./Drivers/pinout.o
LOAD ./FreeRTOS/CMSIS_RTOS/cmsis_os.o
LOAD ./FreeRTOS/croutine.o
LOAD ./FreeRTOS/event_groups.o
LOAD ./FreeRTOS/list.o
LOAD ./FreeRTOS/queue.o
LOAD ./FreeRTOS/stream_buffer.o
LOAD ./FreeRTOS/tasks.o
LOAD ./FreeRTOS/timers.o
LOAD ./FreeRTOS/portable/GCC/ARM_CM4F/port.o
LOAD ./FreeRTOS/portable/MemMang/heap_4.o
LOAD ./lwip/apps/httpserver_raw/fs.o
LOAD ./lwip/apps/httpserver_raw/httpd.o
LOAD ./lwip/lwiplib.o
LOAD ./lwip/port/tiva-tm4c129.o
LOAD ./lwip/src/api/api_lib.o
LOAD ./lwip/src/api/api_msg.o
LOAD ./lwip/src/api/err.o
LOAD ./lwip/src/api/if_api.o
LOAD ./lwip/src/api/netbuf.o
LOAD ./lwip/src/api/netdb.o
LOAD ./lwip/src/api/netifapi.o
LOAD ./lwip/src/api/sockets.o
LOAD ./lwip/src/api/tcpip.o
LOAD ./lwip/src/core/altcp.o
LOAD ./lwip/src/core/altcp_alloc.o
LOAD ./lwip/src/core/altcp_tcp.o
LOAD ./lwip/src/core/def.o
LOAD ./lwip/src/core/dns.o
LOAD ./lwip/src/core/inet_chksum.o
LOAD ./lwip/src/core/init.o
LOAD ./lwip/src/core/ip.o
LOAD ./lwip/src/core/mem.o
LOAD ./lwip/src/core/memp.o
LOAD ./lwip/src/core/netif.o
LOAD ./lwip/src/core/pbuf.o
LOAD ./lwip/src/core/raw.o
LOAD ./lwip/src/core/stats.o
LOAD ./lwip/src/core/sys.o
LOAD ./lwip/src/core/tcp.o
LOAD ./lwip/src/core/tcp_in.o
LOAD ./lwip/src/core/tcp_out.o
LOAD ./lwip/src/core/timeouts.o
LOAD ./lwip/src/core/udp.o
LOAD ./lwip/src/core/ipv4/autoip.o
LOAD ./lwip/src/core/ipv4/dhcp.o
LOAD ./lwip/src/core/ipv4/etharp.o
LOAD ./lwip/src/core/ipv4/icmp.o
LOAD ./lwip/src/core/ipv4/igmp.o
LOAD ./lwip/src/core/ipv4/ip4.o
LOAD ./lwip/src/core/ipv4/ip4_addr.o
LOAD ./lwip/src/core/ipv4/ip4_frag.o
LOAD ./lwip/src/netif/ethernet.o
LOAD ./lwip/src/netif/ppp/auth.o
LOAD ./lwip/src/netif/ppp/ccp.o
LOAD ./lwip/src/netif/ppp/chap-md5.o
LOAD ./lwip/src/netif/ppp/chap-new.o
LOAD ./lwip/src/netif/ppp/chap_ms.o
LOAD ./lwip/src/netif/ppp/demand.o
LOAD ./lwip/src/netif/ppp/eap.o
LOAD ./lwip/src/netif/ppp/ecp.o
LOAD ./lwip/src/netif/ppp/eui64.o
LOAD ./lwip/src/netif/ppp/fsm.o
LOAD ./lwip/src/netif/ppp/ipcp.o
LOAD ./lwip/src/netif/ppp/ipv6cp.o
LOAD ./lwip/src/netif/ppp/lcp.o
LOAD ./lwip/src/netif/ppp/magic.o
LOAD ./lwip/src/netif/ppp/mppe.o
LOAD ./lwip/src/netif/ppp/multilink.o
LOAD ./lwip/src/netif/ppp/ppp.o
LOAD ./lwip/src/netif/ppp/pppapi.o
LOAD ./lwip/src/netif/ppp/pppcrypt.o
LOAD ./lwip/src/netif/ppp/pppoe.o
LOAD ./lwip/src/netif/ppp/pppol2tp.o
LOAD ./lwip/src/netif/ppp/pppos.o
LOAD ./lwip/src/netif/ppp/upap.o
LOAD ./lwip/src/netif/ppp/utils.o
LOAD ./lwip/src/netif/ppp/vj.o
LOAD ./lwip/src/netif/ppp/polarssl/arc4.o
LOAD ./lwip/src/netif/ppp/polarssl/des.o
LOAD ./lwip/src/netif/ppp/polarssl/md4.o
LOAD ./lwip/src/netif/ppp/polarssl/md5.o
LOAD ./lwip/src/netif/ppp/polarssl/sha1.o
LOAD ./lwip/system/OS/sys_arch.o
                0x0000000000000000                PROVIDE (_intvecs_base_address, 0x0)

.intvecs        0x0000000000000000      0x208
 *(.intvecs)
 .intvecs       0x0000000000000000      0x208 ./tm4c1294ncpdt_startup_ccs_gcc.o
                0x0000000000000000                g_pfnVectors
                0x0000000020000000                PROVIDE (_vtable_base_address, 0x20000000)

.vtable
 *(.vtable)

.text           0x0000000000000240    0x21244
 CREATE_OBJECT_SYMBOLS
 *(.text)
 .text          0x0000000000000240        0x0 /home/victor/ti/ccs1010/ccs/tools/compiler/gcc-arm-none-eabi-7-2017-q4-major/bin/../lib/gcc/arm-none-eabi/7.2.1/thumb/v7e-m/fpv4-sp/hard/crti.o
 .text          0x0000000000000240       0x40 /home/victor/ti/ccs1010/ccs/tools/compiler/gcc-arm-none-eabi-7-2017-q4-major/bin/../lib/gcc/arm-none-eabi/7.2.1/thumb/v7e-m/fpv4-sp/hard/crtbegin.o
 .text          0x0000000000000280       0x74 /home/victor/ti/ccs1010/ccs/tools/compiler/gcc-arm-none-eabi-7-2017-q4-major/bin/../lib/gcc/arm-none-eabi/7.2.1/../../../../arm-none-eabi/lib/thumb/v7e-m/fpv4-sp/hard/crt0.o
                0x0000000000000280                _mainCRTStartup
                0x0000000000000280                _start
 .text          0x00000000000002f4        0x0 ./main.o
 .text          0x00000000000002f4        0x0 ./tm4c1294ncpdt_startup_ccs_gcc.o
 .text          0x00000000000002f4        0x0 ./Drivers/pinout.o
 .text          0x00000000000002f4        0x0 ./FreeRTOS/CMSIS_RTOS/cmsis_os.o
 .text          0x00000000000002f4        0x0 ./FreeRTOS/croutine.o
 .text          0x00000000000002f4        0x0 ./FreeRTOS/event_groups.o
 .text          0x00000000000002f4        0x0 ./FreeRTOS/list.o
 .text          0x00000000000002f4        0x0 ./FreeRTOS/queue.o
 .text          0x00000000000002f4        0x0 ./FreeRTOS/stream_buffer.o
 .text          0x00000000000002f4        0x0 ./FreeRTOS/tasks.o
 .text          0x00000000000002f4        0x0 ./FreeRTOS/timers.o
 .text          0x00000000000002f4        0x0 ./FreeRTOS/portable/GCC/ARM_CM4F/port.o
 .text          0x00000000000002f4        0x0 ./FreeRTOS/portable/MemMang/heap_4.o
 .text          0x00000000000002f4        0x0 ./lwip/apps/httpserver_raw/fs.o
 .text          0x00000000000002f4        0x0 ./lwip/apps/httpserver_raw/httpd.o
 .text          0x00000000000002f4        0x0 ./lwip/lwiplib.o
 .text          0x00000000000002f4        0x0 ./lwip/port/tiva-tm4c129.o
 .text          0x00000000000002f4        0x0 ./lwip/src/api/api_lib.o
 .text          0x00000000000002f4        0x0 ./lwip/src/api/api_msg.o
 .text          0x00000000000002f4        0x0 ./lwip/src/api/err.o
 .text          0x00000000000002f4        0x0 ./lwip/src/api/if_api.o
 .text          0x00000000000002f4        0x0 ./lwip/src/api/netbuf.o
 .text          0x00000000000002f4        0x0 ./lwip/src/api/netdb.o
 .text          0x00000000000002f4        0x0 ./lwip/src/api/netifapi.o
 .text          0x00000000000002f4        0x0 ./lwip/src/api/sockets.o
 .text          0x00000000000002f4        0x0 ./lwip/src/api/tcpip.o
 .text          0x00000000000002f4        0x0 ./lwip/src/core/altcp.o
 .text          0x00000000000002f4        0x0 ./lwip/src/core/altcp_alloc.o
 .text          0x00000000000002f4        0x0 ./lwip/src/core/altcp_tcp.o
 .text          0x00000000000002f4        0x0 ./lwip/src/core/def.o
 .text          0x00000000000002f4        0x0 ./lwip/src/core/dns.o
 .text          0x00000000000002f4        0x0 ./lwip/src/core/inet_chksum.o
 .text          0x00000000000002f4        0x0 ./lwip/src/core/init.o
 .text          0x00000000000002f4        0x0 ./lwip/src/core/ip.o
 .text          0x00000000000002f4        0x0 ./lwip/src/core/mem.o
 .text          0x00000000000002f4        0x0 ./lwip/src/core/memp.o
 .text          0x00000000000002f4        0x0 ./lwip/src/core/netif.o
 .text          0x00000000000002f4        0x0 ./lwip/src/core/pbuf.o
 .text          0x00000000000002f4        0x0 ./lwip/src/core/raw.o
 .text          0x00000000000002f4        0x0 ./lwip/src/core/stats.o
 .text          0x00000000000002f4        0x0 ./lwip/src/core/sys.o
 .text          0x00000000000002f4        0x0 ./lwip/src/core/tcp.o
 .text          0x00000000000002f4        0x0 ./lwip/src/core/tcp_in.o
 .text          0x00000000000002f4        0x0 ./lwip/src/core/tcp_out.o
 .text          0x00000000000002f4        0x0 ./lwip/src/core/timeouts.o
 .text          0x00000000000002f4        0x0 ./lwip/src/core/udp.o
 .text          0x00000000000002f4        0x0 ./lwip/src/core/ipv4/autoip.o
 .text          0x00000000000002f4        0x0 ./lwip/src/core/ipv4/dhcp.o
 .text          0x00000000000002f4        0x0 ./lwip/src/core/ipv4/etharp.o
 .text          0x00000000000002f4        0x0 ./lwip/src/core/ipv4/icmp.o
 .text          0x00000000000002f4        0x0 ./lwip/src/core/ipv4/igmp.o
 .text          0x00000000000002f4        0x0 ./lwip/src/core/ipv4/ip4.o
 .text          0x00000000000002f4        0x0 ./lwip/src/core/ipv4/ip4_addr.o
 .text          0x00000000000002f4        0x0 ./lwip/src/core/ipv4/ip4_frag.o
 .text          0x00000000000002f4        0x0 ./lwip/src/netif/ethernet.o
 .text          0x00000000000002f4        0x0 ./lwip/src/netif/ppp/auth.o
 .text          0x00000000000002f4        0x0 ./lwip/src/netif/ppp/ccp.o
 .text          0x00000000000002f4        0x0 ./lwip/src/netif/ppp/chap-md5.o
 .text          0x00000000000002f4        0x0 ./lwip/src/netif/ppp/chap-new.o
 .text          0x00000000000002f4        0x0 ./lwip/src/netif/ppp/chap_ms.o
 .text          0x00000000000002f4        0x0 ./lwip/src/netif/ppp/demand.o
 .text          0x00000000000002f4        0x0 ./lwip/src/netif/ppp/eap.o
 .text          0x00000000000002f4        0x0 ./lwip/src/netif/ppp/ecp.o
 .text          0x00000000000002f4        0x0 ./lwip/src/netif/ppp/eui64.o
 .text          0x00000000000002f4        0x0 ./lwip/src/netif/ppp/fsm.o
 .text          0x00000000000002f4        0x0 ./lwip/src/netif/ppp/ipcp.o
 .text          0x00000000000002f4        0x0 ./lwip/src/netif/ppp/ipv6cp.o
 .text          0x00000000000002f4        0x0 ./lwip/src/netif/ppp/lcp.o
 .text          0x00000000000002f4        0x0 ./lwip/src/netif/ppp/magic.o
 .text          0x00000000000002f4        0x0 ./lwip/src/netif/ppp/mppe.o
 .text          0x00000000000002f4        0x0 ./lwip/src/netif/ppp/multilink.o
 .text          0x00000000000002f4        0x0 ./lwip/src/netif/ppp/ppp.o
 .text          0x00000000000002f4        0x0 ./lwip/src/netif/ppp/pppapi.o
 .text          0x00000000000002f4        0x0 ./lwip/src/netif/ppp/pppcrypt.o
 .text          0x00000000000002f4        0x0 ./lwip/src/netif/ppp/pppoe.o
 .text          0x00000000000002f4        0x0 ./lwip/src/netif/ppp/pppol2tp.o
 .text          0x00000000000002f4        0x0 ./lwip/src/netif/ppp/pppos.o
 .text          0x00000000000002f4        0x0 ./lwip/src/netif/ppp/upap.o
 .text          0x00000000000002f4        0x0 ./lwip/src/netif/ppp/utils.o
 .text          0x00000000000002f4        0x0 ./lwip/src/netif/ppp/vj.o
 .text          0x00000000000002f4        0x0 ./lwip/src/netif/ppp/polarssl/arc4.o
 .text          0x00000000000002f4        0x0 ./lwip/src/netif/ppp/polarssl/des.o
 .text          0x00000000000002f4        0x0 ./lwip/src/netif/ppp/polarssl/md4.o
 .text          0x00000000000002f4        0x0 ./lwip/src/netif/ppp/polarssl/md5.o
 .text          0x00000000000002f4        0x0 ./lwip/src/netif/ppp/polarssl/sha1.o
 .text          0x00000000000002f4        0x0 ./lwip/system/OS/sys_arch.o
 .text          0x00000000000002f4        0x0 /home/victor/ti/tivaware/driverlib/gcc/libdriver.a(emac.o)
 .text          0x00000000000002f4        0x0 /home/victor/ti/tivaware/driverlib/gcc/libdriver.a(gpio.o)
 .text          0x00000000000002f4        0x0 /home/victor/ti/tivaware/driverlib/gcc/libdriver.a(interrupt.o)
 .text          0x00000000000002f4        0x0 /home/victor/ti/tivaware/driverlib/gcc/libdriver.a(sw_crc.o)
 .text          0x00000000000002f4        0x0 /home/victor/ti/tivaware/driverlib/gcc/libdriver.a(sysctl.o)
 .text          0x00000000000002f4        0x0 /home/victor/ti/tivaware/driverlib/gcc/libdriver.a(cpu.o)
 .text          0x00000000000002f4        0x0 /home/victor/ti/ccs1010/ccs/tools/compiler/gcc-arm-none-eabi-7-2017-q4-major/bin/../lib/gcc/arm-none-eabi/7.2.1/../../../../arm-none-eabi/lib/thumb/v7e-m/fpv4-sp/hard/libg.a(lib_a-atoi.o)
 .text          0x00000000000002f4        0x0 /home/victor/ti/ccs1010/ccs/tools/compiler/gcc-arm-none-eabi-7-2017-q4-major/bin/../lib/gcc/arm-none-eabi/7.2.1/../../../../arm-none-eabi/lib/thumb/v7e-m/fpv4-sp/hard/libg.a(lib_a-exit.o)
 .text          0x00000000000002f4        0x0 /home/victor/ti/ccs1010/ccs/tools/compiler/gcc-arm-none-eabi-7-2017-q4-major/bin/../lib/gcc/arm-none-eabi/7.2.1/../../../../arm-none-eabi/lib/thumb/v7e-m/fpv4-sp/hard/libg.a(lib_a-impure.o)
 .text          0x00000000000002f4        0x0 /home/victor/ti/ccs1010/ccs/tools/compiler/gcc-arm-none-eabi-7-2017-q4-major/bin/../lib/gcc/arm-none-eabi/7.2.1/../../../../arm-none-eabi/lib/thumb/v7e-m/fpv4-sp/hard/libg.a(lib_a-init.o)
 .text          0x00000000000002f4        0x0 /home/victor/ti/ccs1010/ccs/tools/compiler/gcc-arm-none-eabi-7-2017-q4-major/bin/../lib/gcc/arm-none-eabi/7.2.1/../../../../arm-none-eabi/lib/thumb/v7e-m/fpv4-sp/hard/libg.a(lib_a-locale.o)
 .text          0x00000000000002f4        0x0 /home/victor/ti/ccs1010/ccs/tools/compiler/gcc-arm-none-eabi-7-2017-q4-major/bin/../lib/gcc/arm-none-eabi/7.2.1/../../../../arm-none-eabi/lib/thumb/v7e-m/fpv4-sp/hard/libg.a(lib_a-mbtowc_r.o)
 .text          0x00000000000002f4        0x0 /home/victor/ti/ccs1010/ccs/tools/compiler/gcc-arm-none-eabi-7-2017-q4-major/bin/../lib/gcc/arm-none-eabi/7.2.1/../../../../arm-none-eabi/lib/thumb/v7e-m/fpv4-sp/hard/libg.a(lib_a-memcmp.o)
 .text          0x00000000000002f4      0x134 /home/victor/ti/ccs1010/ccs/tools/compiler/gcc-arm-none-eabi-7-2017-q4-major/bin/../lib/gcc/arm-none-eabi/7.2.1/../../../../arm-none-eabi/lib/thumb/v7e-m/fpv4-sp/hard/libg.a(lib_a-memcpy.o)
                0x00000000000002f4                memcpy
 .text          0x0000000000000428        0x0 /home/victor/ti/ccs1010/ccs/tools/compiler/gcc-arm-none-eabi-7-2017-q4-major/bin/../lib/gcc/arm-none-eabi/7.2.1/../../../../arm-none-eabi/lib/thumb/v7e-m/fpv4-sp/hard/libg.a(lib_a-memmove.o)
 .text          0x0000000000000428        0x0 /home/victor/ti/ccs1010/ccs/tools/compiler/gcc-arm-none-eabi-7-2017-q4-major/bin/../lib/gcc/arm-none-eabi/7.2.1/../../../../arm-none-eabi/lib/thumb/v7e-m/fpv4-sp/hard/libg.a(lib_a-memset.o)
 .text          0x0000000000000428        0x0 /home/victor/ti/ccs1010/ccs/tools/compiler/gcc-arm-none-eabi-7-2017-q4-major/bin/../lib/gcc/arm-none-eabi/7.2.1/../../../../arm-none-eabi/lib/thumb/v7e-m/fpv4-sp/hard/libg.a(lib_a-printf.o)
 .text          0x0000000000000428        0x0 /home/victor/ti/ccs1010/ccs/tools/compiler/gcc-arm-none-eabi-7-2017-q4-major/bin/../lib/gcc/arm-none-eabi/7.2.1/../../../../arm-none-eabi/lib/thumb/v7e-m/fpv4-sp/hard/libg.a(lib_a-rand.o)
 .text          0x0000000000000428        0x0 /home/victor/ti/ccs1010/ccs/tools/compiler/gcc-arm-none-eabi-7-2017-q4-major/bin/../lib/gcc/arm-none-eabi/7.2.1/../../../../arm-none-eabi/lib/thumb/v7e-m/fpv4-sp/hard/libg.a(lib_a-reent.o)
 .text          0x0000000000000428        0x0 /home/victor/ti/ccs1010/ccs/tools/compiler/gcc-arm-none-eabi-7-2017-q4-major/bin/../lib/gcc/arm-none-eabi/7.2.1/../../../../arm-none-eabi/lib/thumb/v7e-m/fpv4-sp/hard/libg.a(lib_a-sprintf.o)
 .text          0x0000000000000428        0x0 /home/victor/ti/ccs1010/ccs/tools/compiler/gcc-arm-none-eabi-7-2017-q4-major/bin/../lib/gcc/arm-none-eabi/7.2.1/../../../../arm-none-eabi/lib/thumb/v7e-m/fpv4-sp/hard/libg.a(lib_a-strchr.o)
 *fill*         0x0000000000000428       0x18 
 .text          0x0000000000000440      0x2dc /home/victor/ti/ccs1010/ccs/tools/compiler/gcc-arm-none-eabi-7-2017-q4-major/bin/../lib/gcc/arm-none-eabi/7.2.1/../../../../arm-none-eabi/lib/thumb/v7e-m/fpv4-sp/hard/libg.a(lib_a-strcmp.o)
                0x0000000000000448                strcmp
 *fill*         0x000000000000071c       0x24 
 .text          0x0000000000000740       0xdc /home/victor/ti/ccs1010/ccs/tools/compiler/gcc-arm-none-eabi-7-2017-q4-major/bin/../lib/gcc/arm-none-eabi/7.2.1/../../../../arm-none-eabi/lib/thumb/v7e-m/fpv4-sp/hard/libg.a(lib_a-strlen.o)
                0x0000000000000740                strlen
 .text          0x000000000000081c        0x0 /home/victor/ti/ccs1010/ccs/tools/compiler/gcc-arm-none-eabi-7-2017-q4-major/bin/../lib/gcc/arm-none-eabi/7.2.1/../../../../arm-none-eabi/lib/thumb/v7e-m/fpv4-sp/hard/libg.a(lib_a-strncmp.o)
 .text          0x000000000000081c        0x0 /home/victor/ti/ccs1010/ccs/tools/compiler/gcc-arm-none-eabi-7-2017-q4-major/bin/../lib/gcc/arm-none-eabi/7.2.1/../../../../arm-none-eabi/lib/thumb/v7e-m/fpv4-sp/hard/libg.a(lib_a-strncpy.o)
 .text          0x000000000000081c        0x0 /home/victor/ti/ccs1010/ccs/tools/compiler/gcc-arm-none-eabi-7-2017-q4-major/bin/../lib/gcc/arm-none-eabi/7.2.1/../../../../arm-none-eabi/lib/thumb/v7e-m/fpv4-sp/hard/libg.a(lib_a-strstr.o)
 .text          0x000000000000081c        0x0 /home/victor/ti/ccs1010/ccs/tools/compiler/gcc-arm-none-eabi-7-2017-q4-major/bin/../lib/gcc/arm-none-eabi/7.2.1/../../../../arm-none-eabi/lib/thumb/v7e-m/fpv4-sp/hard/libg.a(lib_a-strtol.o)
 .text          0x000000000000081c        0x0 /home/victor/ti/ccs1010/ccs/tools/compiler/gcc-arm-none-eabi-7-2017-q4-major/bin/../lib/gcc/arm-none-eabi/7.2.1/../../../../arm-none-eabi/lib/thumb/v7e-m/fpv4-sp/hard/libg.a(lib_a-svfprintf.o)
 .text          0x000000000000081c        0x0 /home/victor/ti/ccs1010/ccs/tools/compiler/gcc-arm-none-eabi-7-2017-q4-major/bin/../lib/gcc/arm-none-eabi/7.2.1/../../../../arm-none-eabi/lib/thumb/v7e-m/fpv4-sp/hard/libg.a(lib_a-vfprintf.o)
 .text          0x000000000000081c        0x0 /home/victor/ti/ccs1010/ccs/tools/compiler/gcc-arm-none-eabi-7-2017-q4-major/bin/../lib/gcc/arm-none-eabi/7.2.1/../../../../arm-none-eabi/lib/thumb/v7e-m/fpv4-sp/hard/libg.a(lib_a-wctomb_r.o)
 .text          0x000000000000081c        0x0 /home/victor/ti/ccs1010/ccs/tools/compiler/gcc-arm-none-eabi-7-2017-q4-major/bin/../lib/gcc/arm-none-eabi/7.2.1/../../../../arm-none-eabi/lib/thumb/v7e-m/fpv4-sp/hard/libg.a(lib_a-wsetup.o)
 .text          0x000000000000081c        0x0 /home/victor/ti/ccs1010/ccs/tools/compiler/gcc-arm-none-eabi-7-2017-q4-major/bin/../lib/gcc/arm-none-eabi/7.2.1/../../../../arm-none-eabi/lib/thumb/v7e-m/fpv4-sp/hard/libg.a(lib_a-__call_atexit.o)
 .text          0x000000000000081c        0x0 /home/victor/ti/ccs1010/ccs/tools/compiler/gcc-arm-none-eabi-7-2017-q4-major/bin/../lib/gcc/arm-none-eabi/7.2.1/../../../../arm-none-eabi/lib/thumb/v7e-m/fpv4-sp/hard/libg.a(lib_a-atexit.o)
 .text          0x000000000000081c        0x0 /home/victor/ti/ccs1010/ccs/tools/compiler/gcc-arm-none-eabi-7-2017-q4-major/bin/../lib/gcc/arm-none-eabi/7.2.1/../../../../arm-none-eabi/lib/thumb/v7e-m/fpv4-sp/hard/libg.a(lib_a-ctype_.o)
 .text          0x000000000000081c        0x0 /home/victor/ti/ccs1010/ccs/tools/compiler/gcc-arm-none-eabi-7-2017-q4-major/bin/../lib/gcc/arm-none-eabi/7.2.1/../../../../arm-none-eabi/lib/thumb/v7e-m/fpv4-sp/hard/libg.a(lib_a-dtoa.o)
 .text          0x000000000000081c        0x0 /home/victor/ti/ccs1010/ccs/tools/compiler/gcc-arm-none-eabi-7-2017-q4-major/bin/../lib/gcc/arm-none-eabi/7.2.1/../../../../arm-none-eabi/lib/thumb/v7e-m/fpv4-sp/hard/libg.a(lib_a-fflush.o)
 .text          0x000000000000081c        0x0 /home/victor/ti/ccs1010/ccs/tools/compiler/gcc-arm-none-eabi-7-2017-q4-major/bin/../lib/gcc/arm-none-eabi/7.2.1/../../../../arm-none-eabi/lib/thumb/v7e-m/fpv4-sp/hard/libg.a(lib_a-findfp.o)
 .text          0x000000000000081c        0x0 /home/victor/ti/ccs1010/ccs/tools/compiler/gcc-arm-none-eabi-7-2017-q4-major/bin/../lib/gcc/arm-none-eabi/7.2.1/../../../../arm-none-eabi/lib/thumb/v7e-m/fpv4-sp/hard/libg.a(lib_a-fini.o)
 .text          0x000000000000081c        0x0 /home/victor/ti/ccs1010/ccs/tools/compiler/gcc-arm-none-eabi-7-2017-q4-major/bin/../lib/gcc/arm-none-eabi/7.2.1/../../../../arm-none-eabi/lib/thumb/v7e-m/fpv4-sp/hard/libg.a(lib_a-freer.o)
 .text          0x000000000000081c        0x0 /home/victor/ti/ccs1010/ccs/tools/compiler/gcc-arm-none-eabi-7-2017-q4-major/bin/../lib/gcc/arm-none-eabi/7.2.1/../../../../arm-none-eabi/lib/thumb/v7e-m/fpv4-sp/hard/libg.a(lib_a-fwalk.o)
 .text          0x000000000000081c        0x0 /home/victor/ti/ccs1010/ccs/tools/compiler/gcc-arm-none-eabi-7-2017-q4-major/bin/../lib/gcc/arm-none-eabi/7.2.1/../../../../arm-none-eabi/lib/thumb/v7e-m/fpv4-sp/hard/libg.a(lib_a-localeconv.o)
 .text          0x000000000000081c        0x0 /home/victor/ti/ccs1010/ccs/tools/compiler/gcc-arm-none-eabi-7-2017-q4-major/bin/../lib/gcc/arm-none-eabi/7.2.1/../../../../arm-none-eabi/lib/thumb/v7e-m/fpv4-sp/hard/libg.a(lib_a-lock.o)
 .text          0x000000000000081c        0x0 /home/victor/ti/ccs1010/ccs/tools/compiler/gcc-arm-none-eabi-7-2017-q4-major/bin/../lib/gcc/arm-none-eabi/7.2.1/../../../../arm-none-eabi/lib/thumb/v7e-m/fpv4-sp/hard/libg.a(lib_a-makebuf.o)
 .text          0x000000000000081c        0x0 /home/victor/ti/ccs1010/ccs/tools/compiler/gcc-arm-none-eabi-7-2017-q4-major/bin/../lib/gcc/arm-none-eabi/7.2.1/../../../../arm-none-eabi/lib/thumb/v7e-m/fpv4-sp/hard/libg.a(lib_a-mallocr.o)
 *fill*         0x000000000000081c        0x4 
 .text          0x0000000000000820       0xa0 /home/victor/ti/ccs1010/ccs/tools/compiler/gcc-arm-none-eabi-7-2017-q4-major/bin/../lib/gcc/arm-none-eabi/7.2.1/../../../../arm-none-eabi/lib/thumb/v7e-m/fpv4-sp/hard/libg.a(lib_a-memchr.o)
                0x0000000000000820                memchr
 .text          0x00000000000008c0        0x0 /home/victor/ti/ccs1010/ccs/tools/compiler/gcc-arm-none-eabi-7-2017-q4-major/bin/../lib/gcc/arm-none-eabi/7.2.1/../../../../arm-none-eabi/lib/thumb/v7e-m/fpv4-sp/hard/libg.a(lib_a-mlock.o)
 .text          0x00000000000008c0        0x0 /home/victor/ti/ccs1010/ccs/tools/compiler/gcc-arm-none-eabi-7-2017-q4-major/bin/../lib/gcc/arm-none-eabi/7.2.1/../../../../arm-none-eabi/lib/thumb/v7e-m/fpv4-sp/hard/libg.a(lib_a-mprec.o)
 .text          0x00000000000008c0        0x0 /home/victor/ti/ccs1010/ccs/tools/compiler/gcc-arm-none-eabi-7-2017-q4-major/bin/../lib/gcc/arm-none-eabi/7.2.1/../../../../arm-none-eabi/lib/thumb/v7e-m/fpv4-sp/hard/libg.a(lib_a-sbrkr.o)
 .text          0x00000000000008c0        0x0 /home/victor/ti/ccs1010/ccs/tools/compiler/gcc-arm-none-eabi-7-2017-q4-major/bin/../lib/gcc/arm-none-eabi/7.2.1/../../../../arm-none-eabi/lib/thumb/v7e-m/fpv4-sp/hard/libg.a(lib_a-stdio.o)
 .text          0x00000000000008c0        0x0 /home/victor/ti/ccs1010/ccs/tools/compiler/gcc-arm-none-eabi-7-2017-q4-major/bin/../lib/gcc/arm-none-eabi/7.2.1/../../../../arm-none-eabi/lib/thumb/v7e-m/fpv4-sp/hard/libg.a(lib_a-svfiprintf.o)
 .text          0x00000000000008c0        0x0 /home/victor/ti/ccs1010/ccs/tools/compiler/gcc-arm-none-eabi-7-2017-q4-major/bin/../lib/gcc/arm-none-eabi/7.2.1/../../../../arm-none-eabi/lib/thumb/v7e-m/fpv4-sp/hard/libg.a(lib_a-vfiprintf.o)
 .text          0x00000000000008c0        0x0 /home/victor/ti/ccs1010/ccs/tools/compiler/gcc-arm-none-eabi-7-2017-q4-major/bin/../lib/gcc/arm-none-eabi/7.2.1/../../../../arm-none-eabi/lib/thumb/v7e-m/fpv4-sp/hard/libg.a(lib_a-writer.o)
 .text          0x00000000000008c0        0x0 /home/victor/ti/ccs1010/ccs/tools/compiler/gcc-arm-none-eabi-7-2017-q4-major/bin/../lib/gcc/arm-none-eabi/7.2.1/../../../../arm-none-eabi/lib/thumb/v7e-m/fpv4-sp/hard/libg.a(lib_a-__atexit.o)
 .text          0x00000000000008c0        0x0 /home/victor/ti/ccs1010/ccs/tools/compiler/gcc-arm-none-eabi-7-2017-q4-major/bin/../lib/gcc/arm-none-eabi/7.2.1/../../../../arm-none-eabi/lib/thumb/v7e-m/fpv4-sp/hard/libg.a(lib_a-callocr.o)
 .text          0x00000000000008c0        0x0 /home/victor/ti/ccs1010/ccs/tools/compiler/gcc-arm-none-eabi-7-2017-q4-major/bin/../lib/gcc/arm-none-eabi/7.2.1/../../../../arm-none-eabi/lib/thumb/v7e-m/fpv4-sp/hard/libg.a(lib_a-closer.o)
 .text          0x00000000000008c0        0x0 /home/victor/ti/ccs1010/ccs/tools/compiler/gcc-arm-none-eabi-7-2017-q4-major/bin/../lib/gcc/arm-none-eabi/7.2.1/../../../../arm-none-eabi/lib/thumb/v7e-m/fpv4-sp/hard/libg.a(lib_a-fclose.o)
 .text          0x00000000000008c0        0x0 /home/victor/ti/ccs1010/ccs/tools/compiler/gcc-arm-none-eabi-7-2017-q4-major/bin/../lib/gcc/arm-none-eabi/7.2.1/../../../../arm-none-eabi/lib/thumb/v7e-m/fpv4-sp/hard/libg.a(lib_a-fputwc.o)
 .text          0x00000000000008c0        0x0 /home/victor/ti/ccs1010/ccs/tools/compiler/gcc-arm-none-eabi-7-2017-q4-major/bin/../lib/gcc/arm-none-eabi/7.2.1/../../../../arm-none-eabi/lib/thumb/v7e-m/fpv4-sp/hard/libg.a(lib_a-fstatr.o)
 .text          0x00000000000008c0        0x0 /home/victor/ti/ccs1010/ccs/tools/compiler/gcc-arm-none-eabi-7-2017-q4-major/bin/../lib/gcc/arm-none-eabi/7.2.1/../../../../arm-none-eabi/lib/thumb/v7e-m/fpv4-sp/hard/libg.a(lib_a-fvwrite.o)
 .text          0x00000000000008c0        0x0 /home/victor/ti/ccs1010/ccs/tools/compiler/gcc-arm-none-eabi-7-2017-q4-major/bin/../lib/gcc/arm-none-eabi/7.2.1/../../../../arm-none-eabi/lib/thumb/v7e-m/fpv4-sp/hard/libg.a(lib_a-isattyr.o)
 .text          0x00000000000008c0        0x0 /home/victor/ti/ccs1010/ccs/tools/compiler/gcc-arm-none-eabi-7-2017-q4-major/bin/../lib/gcc/arm-none-eabi/7.2.1/../../../../arm-none-eabi/lib/thumb/v7e-m/fpv4-sp/hard/libg.a(lib_a-lseekr.o)
 .text          0x00000000000008c0        0x0 /home/victor/ti/ccs1010/ccs/tools/compiler/gcc-arm-none-eabi-7-2017-q4-major/bin/../lib/gcc/arm-none-eabi/7.2.1/../../../../arm-none-eabi/lib/thumb/v7e-m/fpv4-sp/hard/libg.a(lib_a-readr.o)
 .text          0x00000000000008c0        0x0 /home/victor/ti/ccs1010/ccs/tools/compiler/gcc-arm-none-eabi-7-2017-q4-major/bin/../lib/gcc/arm-none-eabi/7.2.1/../../../../arm-none-eabi/lib/thumb/v7e-m/fpv4-sp/hard/libg.a(lib_a-reallocr.o)
 .text          0x00000000000008c0        0x0 /home/victor/ti/ccs1010/ccs/tools/compiler/gcc-arm-none-eabi-7-2017-q4-major/bin/../lib/gcc/arm-none-eabi/7.2.1/../../../../arm-none-eabi/lib/thumb/v7e-m/fpv4-sp/hard/libg.a(lib_a-wbuf.o)
 .text          0x00000000000008c0        0x0 /home/victor/ti/ccs1010/ccs/tools/compiler/gcc-arm-none-eabi-7-2017-q4-major/bin/../lib/gcc/arm-none-eabi/7.2.1/../../../../arm-none-eabi/lib/thumb/v7e-m/fpv4-sp/hard/libg.a(lib_a-wcrtomb.o)
 .text          0x00000000000008c0      0x378 /home/victor/ti/ccs1010/ccs/tools/compiler/gcc-arm-none-eabi-7-2017-q4-major/bin/../lib/gcc/arm-none-eabi/7.2.1/thumb/v7e-m/fpv4-sp/hard/libgcc.a(_arm_addsubdf3.o)
                0x00000000000008c0                __aeabi_drsub
                0x00000000000008c8                __aeabi_dsub
                0x00000000000008c8                __subdf3
                0x00000000000008cc                __adddf3
                0x00000000000008cc                __aeabi_dadd
                0x0000000000000b44                __aeabi_ui2d
                0x0000000000000b44                __floatunsidf
                0x0000000000000b64                __floatsidf
                0x0000000000000b64                __aeabi_i2d
                0x0000000000000b88                __extendsfdf2
                0x0000000000000b88                __aeabi_f2d
                0x0000000000000bcc                __aeabi_ul2d
                0x0000000000000bcc                __floatundidf
                0x0000000000000bdc                __floatdidf
                0x0000000000000bdc                __aeabi_l2d
 .text          0x0000000000000c38      0x424 /home/victor/ti/ccs1010/ccs/tools/compiler/gcc-arm-none-eabi-7-2017-q4-major/bin/../lib/gcc/arm-none-eabi/7.2.1/thumb/v7e-m/fpv4-sp/hard/libgcc.a(_arm_muldivdf3.o)
                0x0000000000000c38                __aeabi_dmul
                0x0000000000000c38                __muldf3
                0x0000000000000e8c                __aeabi_ddiv
                0x0000000000000e8c                __divdf3
 .text          0x000000000000105c      0x110 /home/victor/ti/ccs1010/ccs/tools/compiler/gcc-arm-none-eabi-7-2017-q4-major/bin/../lib/gcc/arm-none-eabi/7.2.1/thumb/v7e-m/fpv4-sp/hard/libgcc.a(_arm_cmpdf2.o)
                0x000000000000105c                __gtdf2
                0x000000000000105c                __gedf2
                0x0000000000001064                __ltdf2
                0x0000000000001064                __ledf2
                0x000000000000106c                __cmpdf2
                0x000000000000106c                __eqdf2
                0x000000000000106c                __nedf2
                0x00000000000010e8                __aeabi_cdrcmple
                0x00000000000010f8                __aeabi_cdcmple
                0x00000000000010f8                __aeabi_cdcmpeq
                0x0000000000001108                __aeabi_dcmpeq
                0x000000000000111c                __aeabi_dcmplt
                0x0000000000001130                __aeabi_dcmple
                0x0000000000001144                __aeabi_dcmpge
                0x0000000000001158                __aeabi_dcmpgt
 .text          0x000000000000116c       0x2c /home/victor/ti/ccs1010/ccs/tools/compiler/gcc-arm-none-eabi-7-2017-q4-major/bin/../lib/gcc/arm-none-eabi/7.2.1/thumb/v7e-m/fpv4-sp/hard/libgcc.a(_arm_unorddf2.o)
                0x000000000000116c                __aeabi_dcmpun
                0x000000000000116c                __unorddf2
 .text          0x0000000000001198       0x50 /home/victor/ti/ccs1010/ccs/tools/compiler/gcc-arm-none-eabi-7-2017-q4-major/bin/../lib/gcc/arm-none-eabi/7.2.1/thumb/v7e-m/fpv4-sp/hard/libgcc.a(_arm_fixdfsi.o)
                0x0000000000001198                __fixdfsi
                0x0000000000001198                __aeabi_d2iz
 .text          0x00000000000011e8       0x30 /home/victor/ti/ccs1010/ccs/tools/compiler/gcc-arm-none-eabi-7-2017-q4-major/bin/../lib/gcc/arm-none-eabi/7.2.1/thumb/v7e-m/fpv4-sp/hard/libgcc.a(_aeabi_uldivmod.o)
                0x00000000000011e8                __aeabi_uldivmod
 .text          0x0000000000001218      0x2cc /home/victor/ti/ccs1010/ccs/tools/compiler/gcc-arm-none-eabi-7-2017-q4-major/bin/../lib/gcc/arm-none-eabi/7.2.1/thumb/v7e-m/fpv4-sp/hard/libgcc.a(_udivmoddi4.o)
                0x0000000000001218                __udivmoddi4
 .text          0x00000000000014e4        0x4 /home/victor/ti/ccs1010/ccs/tools/compiler/gcc-arm-none-eabi-7-2017-q4-major/bin/../lib/gcc/arm-none-eabi/7.2.1/thumb/v7e-m/fpv4-sp/hard/libgcc.a(_dvmd_tls.o)
                0x00000000000014e4                __aeabi_ldiv0
                0x00000000000014e4                __aeabi_idiv0
 .text          0x00000000000014e8        0x0 /home/victor/ti/ccs1010/ccs/tools/compiler/gcc-arm-none-eabi-7-2017-q4-major/bin/../lib/gcc/arm-none-eabi/7.2.1/../../../../arm-none-eabi/lib/thumb/v7e-m/fpv4-sp/hard/libnosys.a(close.o)
 .text          0x00000000000014e8        0x0 /home/victor/ti/ccs1010/ccs/tools/compiler/gcc-arm-none-eabi-7-2017-q4-major/bin/../lib/gcc/arm-none-eabi/7.2.1/../../../../arm-none-eabi/lib/thumb/v7e-m/fpv4-sp/hard/libnosys.a(fstat.o)
 .text          0x00000000000014e8        0x0 /home/victor/ti/ccs1010/ccs/tools/compiler/gcc-arm-none-eabi-7-2017-q4-major/bin/../lib/gcc/arm-none-eabi/7.2.1/../../../../arm-none-eabi/lib/thumb/v7e-m/fpv4-sp/hard/libnosys.a(isatty.o)
 .text          0x00000000000014e8        0x0 /home/victor/ti/ccs1010/ccs/tools/compiler/gcc-arm-none-eabi-7-2017-q4-major/bin/../lib/gcc/arm-none-eabi/7.2.1/../../../../arm-none-eabi/lib/thumb/v7e-m/fpv4-sp/hard/libnosys.a(lseek.o)
 .text          0x00000000000014e8        0x0 /home/victor/ti/ccs1010/ccs/tools/compiler/gcc-arm-none-eabi-7-2017-q4-major/bin/../lib/gcc/arm-none-eabi/7.2.1/../../../../arm-none-eabi/lib/thumb/v7e-m/fpv4-sp/hard/libnosys.a(read.o)
 .text          0x00000000000014e8        0x0 /home/victor/ti/ccs1010/ccs/tools/compiler/gcc-arm-none-eabi-7-2017-q4-major/bin/../lib/gcc/arm-none-eabi/7.2.1/../../../../arm-none-eabi/lib/thumb/v7e-m/fpv4-sp/hard/libnosys.a(sbrk.o)
 .text          0x00000000000014e8        0x0 /home/victor/ti/ccs1010/ccs/tools/compiler/gcc-arm-none-eabi-7-2017-q4-major/bin/../lib/gcc/arm-none-eabi/7.2.1/../../../../arm-none-eabi/lib/thumb/v7e-m/fpv4-sp/hard/libnosys.a(write.o)
 .text          0x00000000000014e8        0x0 /home/victor/ti/ccs1010/ccs/tools/compiler/gcc-arm-none-eabi-7-2017-q4-major/bin/../lib/gcc/arm-none-eabi/7.2.1/../../../../arm-none-eabi/lib/thumb/v7e-m/fpv4-sp/hard/libnosys.a(_exit.o)
 .text          0x00000000000014e8        0x0 /home/victor/ti/ccs1010/ccs/tools/compiler/gcc-arm-none-eabi-7-2017-q4-major/bin/../lib/gcc/arm-none-eabi/7.2.1/thumb/v7e-m/fpv4-sp/hard/crtend.o
 .text          0x00000000000014e8        0x0 /home/victor/ti/ccs1010/ccs/tools/compiler/gcc-arm-none-eabi-7-2017-q4-major/bin/../lib/gcc/arm-none-eabi/7.2.1/thumb/v7e-m/fpv4-sp/hard/crtn.o
 *(.text.*)
 .text.UpLwIP   0x00000000000014e8       0xb8 ./main.o
                0x00000000000014e8                UpLwIP
 .text.task1    0x00000000000015a0       0x50 ./main.o
                0x00000000000015a0                task1
 .text.task2    0x00000000000015f0       0x54 ./main.o
                0x00000000000015f0                task2
 .text.DisplayIPAddress
                0x0000000000001644       0x2c ./main.o
                0x0000000000001644                DisplayIPAddress
 .text.lwIPHostTimerHandler
                0x0000000000001670       0x44 ./main.o
                0x0000000000001670                lwIPHostTimerHandler
 .text.main     0x00000000000016b4       0x9c ./main.o
                0x00000000000016b4                main
 .text.NmiSR    0x0000000000001750        0x2 ./tm4c1294ncpdt_startup_ccs_gcc.o
 .text.FaultISR
                0x0000000000001752        0x2 ./tm4c1294ncpdt_startup_ccs_gcc.o
 .text.IntDefaultHandler
                0x0000000000001754        0x2 ./tm4c1294ncpdt_startup_ccs_gcc.o
 *fill*         0x0000000000001756        0x2 
 .text.ResetISR
                0x0000000000001758       0x50 ./tm4c1294ncpdt_startup_ccs_gcc.o
                0x0000000000001758                ResetISR
 .text.PinoutSet
                0x00000000000017a8      0x1a0 ./Drivers/pinout.o
                0x00000000000017a8                PinoutSet
 .text.LEDWrite
                0x0000000000001948       0x98 ./Drivers/pinout.o
                0x0000000000001948                LEDWrite
 .text.LEDRead  0x00000000000019e0       0x5c ./Drivers/pinout.o
                0x00000000000019e0                LEDRead
 .text.makeFreeRtosPriority
                0x0000000000001a3c        0xc ./FreeRTOS/CMSIS_RTOS/cmsis_os.o
 .text.makeCmsisPriority
                0x0000000000001a48        0xe ./FreeRTOS/CMSIS_RTOS/cmsis_os.o
 .text.inHandlerMode
                0x0000000000001a56        0xc ./FreeRTOS/CMSIS_RTOS/cmsis_os.o
 .text.osKernelStart
                0x0000000000001a62        0xa ./FreeRTOS/CMSIS_RTOS/cmsis_os.o
                0x0000000000001a62                osKernelStart
 .text.osKernelRunning
                0x0000000000001a6c       0x12 ./FreeRTOS/CMSIS_RTOS/cmsis_os.o
                0x0000000000001a6c                osKernelRunning
 .text.osKernelSysTick
                0x0000000000001a7e       0x14 ./FreeRTOS/CMSIS_RTOS/cmsis_os.o
                0x0000000000001a7e                osKernelSysTick
 .text.osThreadCreate
                0x0000000000001a92       0x34 ./FreeRTOS/CMSIS_RTOS/cmsis_os.o
                0x0000000000001a92                osThreadCreate
 .text.osThreadGetId
                0x0000000000001ac6        0x8 ./FreeRTOS/CMSIS_RTOS/cmsis_os.o
                0x0000000000001ac6                osThreadGetId
 .text.osThreadTerminate
                0x0000000000001ace        0xa ./FreeRTOS/CMSIS_RTOS/cmsis_os.o
                0x0000000000001ace                osThreadTerminate
 .text.osThreadYield
                0x0000000000001ad8       0x18 ./FreeRTOS/CMSIS_RTOS/cmsis_os.o
                0x0000000000001ad8                osThreadYield
 .text.osThreadSetPriority
                0x0000000000001af0       0x16 ./FreeRTOS/CMSIS_RTOS/cmsis_os.o
                0x0000000000001af0                osThreadSetPriority
 .text.osThreadGetPriority
                0x0000000000001b06       0x22 ./FreeRTOS/CMSIS_RTOS/cmsis_os.o
                0x0000000000001b06                osThreadGetPriority
 .text.osDelay  0x0000000000001b28       0x12 ./FreeRTOS/CMSIS_RTOS/cmsis_os.o
                0x0000000000001b28                osDelay
 *fill*         0x0000000000001b3a        0x2 
 .text.osTimerCreate
                0x0000000000001b3c       0x28 ./FreeRTOS/CMSIS_RTOS/cmsis_os.o
                0x0000000000001b3c                osTimerCreate
 .text.osTimerStart
                0x0000000000001b64       0x6c ./FreeRTOS/CMSIS_RTOS/cmsis_os.o
                0x0000000000001b64                osTimerStart
 .text.osTimerStop
                0x0000000000001bd0       0x64 ./FreeRTOS/CMSIS_RTOS/cmsis_os.o
                0x0000000000001bd0                osTimerStop
 .text.osTimerDelete
                0x0000000000001c34       0x30 ./FreeRTOS/CMSIS_RTOS/cmsis_os.o
                0x0000000000001c34                osTimerDelete
 .text.osSignalSet
                0x0000000000001c64       0x6c ./FreeRTOS/CMSIS_RTOS/cmsis_os.o
                0x0000000000001c64                osSignalSet
 .text.osSignalWait
                0x0000000000001cd0       0x6a ./FreeRTOS/CMSIS_RTOS/cmsis_os.o
                0x0000000000001cd0                osSignalWait
 .text.osMutexCreate
                0x0000000000001d3a        0xa ./FreeRTOS/CMSIS_RTOS/cmsis_os.o
                0x0000000000001d3a                osMutexCreate
 .text.osMutexWait
                0x0000000000001d44       0x70 ./FreeRTOS/CMSIS_RTOS/cmsis_os.o
                0x0000000000001d44                osMutexWait
 .text.osMutexRelease
                0x0000000000001db4       0x5c ./FreeRTOS/CMSIS_RTOS/cmsis_os.o
                0x0000000000001db4                osMutexRelease
 .text.osMutexDelete
                0x0000000000001e10       0x18 ./FreeRTOS/CMSIS_RTOS/cmsis_os.o
                0x0000000000001e10                osMutexDelete
 .text.osSemaphoreCreate
                0x0000000000001e28       0x2c ./FreeRTOS/CMSIS_RTOS/cmsis_os.o
                0x0000000000001e28                osSemaphoreCreate
 .text.osSemaphoreWait
                0x0000000000001e54       0x70 ./FreeRTOS/CMSIS_RTOS/cmsis_os.o
                0x0000000000001e54                osSemaphoreWait
 .text.osSemaphoreRelease
                0x0000000000001ec4       0x5c ./FreeRTOS/CMSIS_RTOS/cmsis_os.o
                0x0000000000001ec4                osSemaphoreRelease
 .text.osSemaphoreDelete
                0x0000000000001f20       0x18 ./FreeRTOS/CMSIS_RTOS/cmsis_os.o
                0x0000000000001f20                osSemaphoreDelete
 .text.osPoolCreate
                0x0000000000001f38       0x68 ./FreeRTOS/CMSIS_RTOS/cmsis_os.o
                0x0000000000001f38                osPoolCreate
 .text.osPoolAlloc
                0x0000000000001fa0       0x6c ./FreeRTOS/CMSIS_RTOS/cmsis_os.o
                0x0000000000001fa0                osPoolAlloc
 .text.osPoolCAlloc
                0x000000000000200c       0x12 ./FreeRTOS/CMSIS_RTOS/cmsis_os.o
                0x000000000000200c                osPoolCAlloc
 .text.osPoolFree
                0x000000000000201e       0x40 ./FreeRTOS/CMSIS_RTOS/cmsis_os.o
                0x000000000000201e                osPoolFree
 .text.osMessageCreate
                0x000000000000205e        0xe ./FreeRTOS/CMSIS_RTOS/cmsis_os.o
                0x000000000000205e                osMessageCreate
 .text.osMessagePut
                0x000000000000206c       0x68 ./FreeRTOS/CMSIS_RTOS/cmsis_os.o
                0x000000000000206c                osMessagePut
 .text.osMessageGet
                0x00000000000020d4       0xa0 ./FreeRTOS/CMSIS_RTOS/cmsis_os.o
                0x00000000000020d4                osMessageGet
 .text.osMailCreate
                0x0000000000002174       0x66 ./FreeRTOS/CMSIS_RTOS/cmsis_os.o
                0x0000000000002174                osMailCreate
 .text.osMailAlloc
                0x00000000000021da       0x10 ./FreeRTOS/CMSIS_RTOS/cmsis_os.o
                0x00000000000021da                osMailAlloc
 .text.osMailCAlloc
                0x00000000000021ea       0x22 ./FreeRTOS/CMSIS_RTOS/cmsis_os.o
                0x00000000000021ea                osMailCAlloc
 .text.osMailPut
                0x000000000000220c       0x68 ./FreeRTOS/CMSIS_RTOS/cmsis_os.o
                0x000000000000220c                osMailPut
 .text.osMailGet
                0x0000000000002274       0x9c ./FreeRTOS/CMSIS_RTOS/cmsis_os.o
                0x0000000000002274                osMailGet
 .text.osMailFree
                0x0000000000002310       0x10 ./FreeRTOS/CMSIS_RTOS/cmsis_os.o
                0x0000000000002310                osMailFree
 .text.osSystickHandler
                0x0000000000002320        0x8 ./FreeRTOS/CMSIS_RTOS/cmsis_os.o
                0x0000000000002320                osSystickHandler
 .text.osThreadSuspend
                0x0000000000002328        0xa ./FreeRTOS/CMSIS_RTOS/cmsis_os.o
                0x0000000000002328                osThreadSuspend
 *fill*         0x0000000000002332        0x2 
 .text.osThreadResume
                0x0000000000002334       0x34 ./FreeRTOS/CMSIS_RTOS/cmsis_os.o
                0x0000000000002334                osThreadResume
 .text.osThreadSuspendAll
                0x0000000000002368        0xa ./FreeRTOS/CMSIS_RTOS/cmsis_os.o
                0x0000000000002368                osThreadSuspendAll
 .text.osThreadResumeAll
                0x0000000000002372       0x12 ./FreeRTOS/CMSIS_RTOS/cmsis_os.o
                0x0000000000002372                osThreadResumeAll
 .text.osDelayUntil
                0x0000000000002384       0x12 ./FreeRTOS/CMSIS_RTOS/cmsis_os.o
                0x0000000000002384                osDelayUntil
 .text.osAbortDelay
                0x0000000000002396        0x4 ./FreeRTOS/CMSIS_RTOS/cmsis_os.o
                0x0000000000002396                osAbortDelay
 .text.osThreadList
                0x000000000000239a        0x4 ./FreeRTOS/CMSIS_RTOS/cmsis_os.o
                0x000000000000239a                osThreadList
 .text.osMessagePeek
                0x000000000000239e       0x58 ./FreeRTOS/CMSIS_RTOS/cmsis_os.o
                0x000000000000239e                osMessagePeek
 .text.osMessageWaiting
                0x00000000000023f6       0x1a ./FreeRTOS/CMSIS_RTOS/cmsis_os.o
                0x00000000000023f6                osMessageWaiting
 .text.osMessageAvailableSpace
                0x0000000000002410        0x8 ./FreeRTOS/CMSIS_RTOS/cmsis_os.o
                0x0000000000002410                osMessageAvailableSpace
 .text.osMessageDelete
                0x0000000000002418       0x18 ./FreeRTOS/CMSIS_RTOS/cmsis_os.o
                0x0000000000002418                osMessageDelete
 .text.osRecursiveMutexCreate
                0x0000000000002430        0xa ./FreeRTOS/CMSIS_RTOS/cmsis_os.o
                0x0000000000002430                osRecursiveMutexCreate
 .text.osRecursiveMutexRelease
                0x000000000000243a       0x12 ./FreeRTOS/CMSIS_RTOS/cmsis_os.o
                0x000000000000243a                osRecursiveMutexRelease
 .text.osRecursiveMutexWait
                0x000000000000244c       0x28 ./FreeRTOS/CMSIS_RTOS/cmsis_os.o
                0x000000000000244c                osRecursiveMutexWait
 .text.osSemaphoreGetCount
                0x0000000000002474        0x8 ./FreeRTOS/CMSIS_RTOS/cmsis_os.o
                0x0000000000002474                osSemaphoreGetCount
 .text.prvTestWaitCondition
                0x000000000000247c       0x1c ./FreeRTOS/event_groups.o
 .text.xEventGroupCreate
                0x0000000000002498       0x1a ./FreeRTOS/event_groups.o
                0x0000000000002498                xEventGroupCreate
 *fill*         0x00000000000024b2        0x2 
 .text.xEventGroupWaitBits
                0x00000000000024b4      0x10c ./FreeRTOS/event_groups.o
                0x00000000000024b4                xEventGroupWaitBits
 .text.xEventGroupClearBits
                0x00000000000025c0       0x46 ./FreeRTOS/event_groups.o
                0x00000000000025c0                xEventGroupClearBits
 .text.xEventGroupGetBitsFromISR
                0x0000000000002606       0x1c ./FreeRTOS/event_groups.o
                0x0000000000002606                xEventGroupGetBitsFromISR
 .text.xEventGroupSetBits
                0x0000000000002622       0x8c ./FreeRTOS/event_groups.o
                0x0000000000002622                xEventGroupSetBits
 *fill*         0x00000000000026ae        0x2 
 .text.xEventGroupSync
                0x00000000000026b0       0xd4 ./FreeRTOS/event_groups.o
                0x00000000000026b0                xEventGroupSync
 .text.vEventGroupDelete
                0x0000000000002784       0x3e ./FreeRTOS/event_groups.o
                0x0000000000002784                vEventGroupDelete
 .text.vEventGroupSetBitsCallback
                0x00000000000027c2        0x8 ./FreeRTOS/event_groups.o
                0x00000000000027c2                vEventGroupSetBitsCallback
 .text.vEventGroupClearBitsCallback
                0x00000000000027ca        0x8 ./FreeRTOS/event_groups.o
                0x00000000000027ca                vEventGroupClearBitsCallback
 .text.vListInitialise
                0x00000000000027d2       0x16 ./FreeRTOS/list.o
                0x00000000000027d2                vListInitialise
 .text.vListInitialiseItem
                0x00000000000027e8        0x6 ./FreeRTOS/list.o
                0x00000000000027e8                vListInitialiseItem
 .text.vListInsertEnd
                0x00000000000027ee       0x18 ./FreeRTOS/list.o
                0x00000000000027ee                vListInsertEnd
 .text.vListInsert
                0x0000000000002806       0x34 ./FreeRTOS/list.o
                0x0000000000002806                vListInsert
 .text.uxListRemove
                0x000000000000283a       0x28 ./FreeRTOS/list.o
                0x000000000000283a                uxListRemove
 .text.prvGetDisinheritPriorityAfterTimeout
                0x0000000000002862       0x12 ./FreeRTOS/queue.o
 .text.prvIsQueueFull
                0x0000000000002874       0x1e ./FreeRTOS/queue.o
 .text.prvIsQueueEmpty
                0x0000000000002892       0x1a ./FreeRTOS/queue.o
 .text.prvCopyDataToQueue
                0x00000000000028ac       0x76 ./FreeRTOS/queue.o
 .text.prvCopyDataFromQueue
                0x0000000000002922       0x24 ./FreeRTOS/queue.o
 .text.prvUnlockQueue
                0x0000000000002946       0x6e ./FreeRTOS/queue.o
 .text.xQueueGenericReset
                0x00000000000029b4       0x84 ./FreeRTOS/queue.o
                0x00000000000029b4                xQueueGenericReset
 .text.prvInitialiseNewQueue
                0x0000000000002a38       0x1c ./FreeRTOS/queue.o
 .text.xQueueGenericCreate
                0x0000000000002a54       0x5e ./FreeRTOS/queue.o
                0x0000000000002a54                xQueueGenericCreate
 .text.xQueueCreateCountingSemaphore
                0x0000000000002ab2       0x40 ./FreeRTOS/queue.o
                0x0000000000002ab2                xQueueCreateCountingSemaphore
 *fill*         0x0000000000002af2        0x2 
 .text.xQueueGenericSend
                0x0000000000002af4      0x17c ./FreeRTOS/queue.o
                0x0000000000002af4                xQueueGenericSend
 .text.prvInitialiseMutex
                0x0000000000002c70       0x18 ./FreeRTOS/queue.o
 .text.xQueueCreateMutex
                0x0000000000002c88       0x16 ./FreeRTOS/queue.o
                0x0000000000002c88                xQueueCreateMutex
 .text.xQueueGiveMutexRecursive
                0x0000000000002c9e       0x40 ./FreeRTOS/queue.o
                0x0000000000002c9e                xQueueGiveMutexRecursive
 .text.xQueueGenericSendFromISR
                0x0000000000002cde       0xe4 ./FreeRTOS/queue.o
                0x0000000000002cde                xQueueGenericSendFromISR
 .text.xQueueGiveFromISR
                0x0000000000002dc2       0xc8 ./FreeRTOS/queue.o
                0x0000000000002dc2                xQueueGiveFromISR
 *fill*         0x0000000000002e8a        0x2 
 .text.xQueueReceive
                0x0000000000002e8c      0x158 ./FreeRTOS/queue.o
                0x0000000000002e8c                xQueueReceive
 .text.xQueueSemaphoreTake
                0x0000000000002fe4      0x19c ./FreeRTOS/queue.o
                0x0000000000002fe4                xQueueSemaphoreTake
 .text.xQueueTakeMutexRecursive
                0x0000000000003180       0x44 ./FreeRTOS/queue.o
                0x0000000000003180                xQueueTakeMutexRecursive
 .text.xQueuePeek
                0x00000000000031c4      0x158 ./FreeRTOS/queue.o
                0x00000000000031c4                xQueuePeek
 .text.xQueueReceiveFromISR
                0x000000000000331c       0xc0 ./FreeRTOS/queue.o
                0x000000000000331c                xQueueReceiveFromISR
 .text.xQueuePeekFromISR
                0x00000000000033dc       0x7c ./FreeRTOS/queue.o
                0x00000000000033dc                xQueuePeekFromISR
 .text.uxQueueMessagesWaiting
                0x0000000000003458       0x26 ./FreeRTOS/queue.o
                0x0000000000003458                uxQueueMessagesWaiting
 .text.uxQueueSpacesAvailable
                0x000000000000347e       0x2a ./FreeRTOS/queue.o
                0x000000000000347e                uxQueueSpacesAvailable
 .text.uxQueueMessagesWaitingFromISR
                0x00000000000034a8       0x18 ./FreeRTOS/queue.o
                0x00000000000034a8                uxQueueMessagesWaitingFromISR
 .text.xQueueIsQueueEmptyFromISR
                0x00000000000034c0       0x20 ./FreeRTOS/queue.o
                0x00000000000034c0                xQueueIsQueueEmptyFromISR
 .text.xQueueIsQueueFullFromISR
                0x00000000000034e0       0x24 ./FreeRTOS/queue.o
                0x00000000000034e0                xQueueIsQueueFullFromISR
 .text.vQueueAddToRegistry
                0x0000000000003504       0x28 ./FreeRTOS/queue.o
                0x0000000000003504                vQueueAddToRegistry
 .text.pcQueueGetName
                0x000000000000352c       0x28 ./FreeRTOS/queue.o
                0x000000000000352c                pcQueueGetName
 .text.vQueueUnregisterQueue
                0x0000000000003554       0x2c ./FreeRTOS/queue.o
                0x0000000000003554                vQueueUnregisterQueue
 .text.vQueueDelete
                0x0000000000003580       0x24 ./FreeRTOS/queue.o
                0x0000000000003580                vQueueDelete
 .text.vQueueWaitForMessageRestricted
                0x00000000000035a4       0x52 ./FreeRTOS/queue.o
                0x00000000000035a4                vQueueWaitForMessageRestricted
 .text.prvBytesInBuffer
                0x00000000000035f6       0x12 ./FreeRTOS/stream_buffer.o
 .text.prvInitialiseNewStreamBuffer
                0x0000000000003608       0x40 ./FreeRTOS/stream_buffer.o
 .text.prvWriteBytesToBuffer
                0x0000000000003648       0x8c ./FreeRTOS/stream_buffer.o
 .text.prvWriteMessageToBuffer
                0x00000000000036d4       0x48 ./FreeRTOS/stream_buffer.o
 .text.prvReadBytesFromBuffer
                0x000000000000371c       0x96 ./FreeRTOS/stream_buffer.o
 .text.prvReadMessageFromBuffer
                0x00000000000037b2       0x44 ./FreeRTOS/stream_buffer.o
 .text.xStreamBufferGenericCreate
                0x00000000000037f6       0x74 ./FreeRTOS/stream_buffer.o
                0x00000000000037f6                xStreamBufferGenericCreate
 .text.vStreamBufferDelete
                0x000000000000386a       0x2e ./FreeRTOS/stream_buffer.o
                0x000000000000386a                vStreamBufferDelete
 .text.xStreamBufferReset
                0x0000000000003898       0x4a ./FreeRTOS/stream_buffer.o
                0x0000000000003898                xStreamBufferReset
 .text.xStreamBufferSetTriggerLevel
                0x00000000000038e2       0x2a ./FreeRTOS/stream_buffer.o
                0x00000000000038e2                xStreamBufferSetTriggerLevel
 .text.xStreamBufferSpacesAvailable
                0x000000000000390c       0x2a ./FreeRTOS/stream_buffer.o
                0x000000000000390c                xStreamBufferSpacesAvailable
 .text.xStreamBufferBytesAvailable
                0x0000000000003936       0x1c ./FreeRTOS/stream_buffer.o
                0x0000000000003936                xStreamBufferBytesAvailable
 .text.xStreamBufferSend
                0x0000000000003952      0x138 ./FreeRTOS/stream_buffer.o
                0x0000000000003952                xStreamBufferSend
 .text.xStreamBufferSendFromISR
                0x0000000000003a8a       0xa2 ./FreeRTOS/stream_buffer.o
                0x0000000000003a8a                xStreamBufferSendFromISR
 .text.xStreamBufferReceive
                0x0000000000003b2c       0xe6 ./FreeRTOS/stream_buffer.o
                0x0000000000003b2c                xStreamBufferReceive
 .text.xStreamBufferNextMessageLengthBytes
                0x0000000000003c12       0x5a ./FreeRTOS/stream_buffer.o
                0x0000000000003c12                xStreamBufferNextMessageLengthBytes
 .text.xStreamBufferReceiveFromISR
                0x0000000000003c6c       0x9c ./FreeRTOS/stream_buffer.o
                0x0000000000003c6c                xStreamBufferReceiveFromISR
 .text.xStreamBufferIsEmpty
                0x0000000000003d08       0x24 ./FreeRTOS/stream_buffer.o
                0x0000000000003d08                xStreamBufferIsEmpty
 .text.xStreamBufferIsFull
                0x0000000000003d2c       0x38 ./FreeRTOS/stream_buffer.o
                0x0000000000003d2c                xStreamBufferIsFull
 .text.xStreamBufferSendCompletedFromISR
                0x0000000000003d64       0x54 ./FreeRTOS/stream_buffer.o
                0x0000000000003d64                xStreamBufferSendCompletedFromISR
 .text.xStreamBufferReceiveCompletedFromISR
                0x0000000000003db8       0x54 ./FreeRTOS/stream_buffer.o
                0x0000000000003db8                xStreamBufferReceiveCompletedFromISR
 .text.prvTaskIsTaskSuspended
                0x0000000000003e0c       0x40 ./FreeRTOS/tasks.o
 .text.prvResetNextTaskUnblockTime
                0x0000000000003e4c       0x28 ./FreeRTOS/tasks.o
 .text.prvDeleteTCB
                0x0000000000003e74       0x12 ./FreeRTOS/tasks.o
 .text.prvInitialiseNewTask
                0x0000000000003e86       0x8c ./FreeRTOS/tasks.o
 *fill*         0x0000000000003f12        0x2 
 .text.prvInitialiseTaskLists
                0x0000000000003f14       0x68 ./FreeRTOS/tasks.o
 .text.prvAddNewTaskToReadyList
                0x0000000000003f7c       0xa8 ./FreeRTOS/tasks.o
 .text.prvCheckTasksWaitingTermination
                0x0000000000004024       0x4c ./FreeRTOS/tasks.o
 .text.prvIdleTask
                0x0000000000004070       0x28 ./FreeRTOS/tasks.o
 .text.prvAddCurrentTaskToDelayedList
                0x0000000000004098       0x98 ./FreeRTOS/tasks.o
 .text.xTaskCreate
                0x0000000000004130       0x62 ./FreeRTOS/tasks.o
                0x0000000000004130                xTaskCreate
 *fill*         0x0000000000004192        0x2 
 .text.vTaskDelete
                0x0000000000004194       0xe0 ./FreeRTOS/tasks.o
                0x0000000000004194                vTaskDelete
 .text.uxTaskPriorityGet
                0x0000000000004274       0x20 ./FreeRTOS/tasks.o
                0x0000000000004274                uxTaskPriorityGet
 .text.uxTaskPriorityGetFromISR
                0x0000000000004294       0x30 ./FreeRTOS/tasks.o
                0x0000000000004294                uxTaskPriorityGetFromISR
 .text.vTaskPrioritySet
                0x00000000000042c4       0xdc ./FreeRTOS/tasks.o
                0x00000000000042c4                vTaskPrioritySet
 .text.vTaskResume
                0x00000000000043a0       0x84 ./FreeRTOS/tasks.o
                0x00000000000043a0                vTaskResume
 .text.xTaskResumeFromISR
                0x0000000000004424       0xa4 ./FreeRTOS/tasks.o
                0x0000000000004424                xTaskResumeFromISR
 .text.vTaskStartScheduler
                0x00000000000044c8       0x88 ./FreeRTOS/tasks.o
                0x00000000000044c8                vTaskStartScheduler
 .text.vTaskEndScheduler
                0x0000000000004550       0x24 ./FreeRTOS/tasks.o
                0x0000000000004550                vTaskEndScheduler
 .text.vTaskSuspendAll
                0x0000000000004574       0x10 ./FreeRTOS/tasks.o
                0x0000000000004574                vTaskSuspendAll
 .text.xTaskGetTickCount
                0x0000000000004584        0xc ./FreeRTOS/tasks.o
                0x0000000000004584                xTaskGetTickCount
 .text.xTaskGetTickCountFromISR
                0x0000000000004590       0x10 ./FreeRTOS/tasks.o
                0x0000000000004590                xTaskGetTickCountFromISR
 .text.uxTaskGetNumberOfTasks
                0x00000000000045a0        0xc ./FreeRTOS/tasks.o
                0x00000000000045a0                uxTaskGetNumberOfTasks
 .text.pcTaskGetName
                0x00000000000045ac       0x28 ./FreeRTOS/tasks.o
                0x00000000000045ac                pcTaskGetName
 .text.xTaskIncrementTick
                0x00000000000045d4      0x118 ./FreeRTOS/tasks.o
                0x00000000000045d4                xTaskIncrementTick
 .text.xTaskResumeAll
                0x00000000000046ec       0xf4 ./FreeRTOS/tasks.o
                0x00000000000046ec                xTaskResumeAll
 .text.vTaskDelayUntil
                0x00000000000047e0       0xa4 ./FreeRTOS/tasks.o
                0x00000000000047e0                vTaskDelayUntil
 .text.vTaskDelay
                0x0000000000004884       0x4c ./FreeRTOS/tasks.o
                0x0000000000004884                vTaskDelay
 .text.xTaskCatchUpTicks
                0x00000000000048d0       0x38 ./FreeRTOS/tasks.o
                0x00000000000048d0                xTaskCatchUpTicks
 .text.vTaskSwitchContext
                0x0000000000004908       0x98 ./FreeRTOS/tasks.o
                0x0000000000004908                vTaskSwitchContext
 .text.vTaskSuspend
                0x00000000000049a0       0xf8 ./FreeRTOS/tasks.o
                0x00000000000049a0                vTaskSuspend
 .text.vTaskPlaceOnEventList
                0x0000000000004a98       0x30 ./FreeRTOS/tasks.o
                0x0000000000004a98                vTaskPlaceOnEventList
 .text.vTaskPlaceOnUnorderedEventList
                0x0000000000004ac8       0x5c ./FreeRTOS/tasks.o
                0x0000000000004ac8                vTaskPlaceOnUnorderedEventList
 .text.vTaskPlaceOnEventListRestricted
                0x0000000000004b24       0x38 ./FreeRTOS/tasks.o
                0x0000000000004b24                vTaskPlaceOnEventListRestricted
 .text.xTaskRemoveFromEventList
                0x0000000000004b5c       0x8c ./FreeRTOS/tasks.o
                0x0000000000004b5c                xTaskRemoveFromEventList
 .text.vTaskRemoveFromUnorderedEventList
                0x0000000000004be8       0x88 ./FreeRTOS/tasks.o
                0x0000000000004be8                vTaskRemoveFromUnorderedEventList
 .text.vTaskSetTimeOutState
                0x0000000000004c70       0x38 ./FreeRTOS/tasks.o
                0x0000000000004c70                vTaskSetTimeOutState
 .text.vTaskInternalSetTimeOutState
                0x0000000000004ca8       0x18 ./FreeRTOS/tasks.o
                0x0000000000004ca8                vTaskInternalSetTimeOutState
 .text.xTaskCheckForTimeOut
                0x0000000000004cc0       0x84 ./FreeRTOS/tasks.o
                0x0000000000004cc0                xTaskCheckForTimeOut
 .text.vTaskMissedYield
                0x0000000000004d44        0xc ./FreeRTOS/tasks.o
                0x0000000000004d44                vTaskMissedYield
 .text.xTaskGetCurrentTaskHandle
                0x0000000000004d50        0xc ./FreeRTOS/tasks.o
                0x0000000000004d50                xTaskGetCurrentTaskHandle
 .text.xTaskGetSchedulerState
                0x0000000000004d5c       0x20 ./FreeRTOS/tasks.o
                0x0000000000004d5c                xTaskGetSchedulerState
 .text.xTaskPriorityInherit
                0x0000000000004d7c       0xac ./FreeRTOS/tasks.o
                0x0000000000004d7c                xTaskPriorityInherit
 .text.xTaskPriorityDisinherit
                0x0000000000004e28       0xa4 ./FreeRTOS/tasks.o
                0x0000000000004e28                xTaskPriorityDisinherit
 .text.vTaskPriorityDisinheritAfterTimeout
                0x0000000000004ecc       0xb4 ./FreeRTOS/tasks.o
                0x0000000000004ecc                vTaskPriorityDisinheritAfterTimeout
 .text.uxTaskResetEventItemValue
                0x0000000000004f80       0x18 ./FreeRTOS/tasks.o
                0x0000000000004f80                uxTaskResetEventItemValue
 .text.pvTaskIncrementMutexHeldCount
                0x0000000000004f98       0x1c ./FreeRTOS/tasks.o
                0x0000000000004f98                pvTaskIncrementMutexHeldCount
 .text.ulTaskGenericNotifyTake
                0x0000000000004fb4       0xac ./FreeRTOS/tasks.o
                0x0000000000004fb4                ulTaskGenericNotifyTake
 .text.xTaskGenericNotifyWait
                0x0000000000005060       0xd0 ./FreeRTOS/tasks.o
                0x0000000000005060                xTaskGenericNotifyWait
 .text.xTaskGenericNotify
                0x0000000000005130      0x14c ./FreeRTOS/tasks.o
                0x0000000000005130                xTaskGenericNotify
 .text.xTaskGenericNotifyFromISR
                0x000000000000527c      0x180 ./FreeRTOS/tasks.o
                0x000000000000527c                xTaskGenericNotifyFromISR
 .text.vTaskGenericNotifyGiveFromISR
                0x00000000000053fc       0xec ./FreeRTOS/tasks.o
                0x00000000000053fc                vTaskGenericNotifyGiveFromISR
 .text.xTaskGenericNotifyStateClear
                0x00000000000054e8       0x4c ./FreeRTOS/tasks.o
                0x00000000000054e8                xTaskGenericNotifyStateClear
 .text.ulTaskGenericNotifyValueClear
                0x0000000000005534       0x34 ./FreeRTOS/tasks.o
                0x0000000000005534                ulTaskGenericNotifyValueClear
 .text.prvGetNextExpireTime
                0x0000000000005568       0x20 ./FreeRTOS/timers.o
 .text.prvInsertTimerInActiveList
                0x0000000000005588       0x48 ./FreeRTOS/timers.o
 .text.prvCheckForValidListAndQueue
                0x00000000000055d0       0x5c ./FreeRTOS/timers.o
 .text.prvInitialiseNewTimer
                0x000000000000562c       0x4c ./FreeRTOS/timers.o
 .text.xTimerCreateTimerTask
                0x0000000000005678       0x50 ./FreeRTOS/timers.o
                0x0000000000005678                xTimerCreateTimerTask
 .text.xTimerCreate
                0x00000000000056c8       0x38 ./FreeRTOS/timers.o
                0x00000000000056c8                xTimerCreate
 .text.xTimerGenericCommand
                0x0000000000005700       0x6c ./FreeRTOS/timers.o
                0x0000000000005700                xTimerGenericCommand
 .text.prvSwitchTimerLists
                0x000000000000576c       0x7c ./FreeRTOS/timers.o
 .text.prvSampleTimeNow
                0x00000000000057e8       0x2c ./FreeRTOS/timers.o
 .text.prvProcessExpiredTimer
                0x0000000000005814       0x6c ./FreeRTOS/timers.o
 .text.prvProcessTimerOrBlockTask
                0x0000000000005880       0x74 ./FreeRTOS/timers.o
 .text.prvProcessReceivedCommands
                0x00000000000058f4       0xfc ./FreeRTOS/timers.o
 .text.prvTimerTask
                0x00000000000059f0       0x16 ./FreeRTOS/timers.o
 *fill*         0x0000000000005a06        0x2 
 .text.xTimerGetTimerDaemonTaskHandle
                0x0000000000005a08       0x20 ./FreeRTOS/timers.o
                0x0000000000005a08                xTimerGetTimerDaemonTaskHandle
 .text.xTimerGetPeriod
                0x0000000000005a28       0x18 ./FreeRTOS/timers.o
                0x0000000000005a28                xTimerGetPeriod
 .text.vTimerSetReloadMode
                0x0000000000005a40       0x40 ./FreeRTOS/timers.o
                0x0000000000005a40                vTimerSetReloadMode
 .text.uxTimerGetReloadMode
                0x0000000000005a80       0x34 ./FreeRTOS/timers.o
                0x0000000000005a80                uxTimerGetReloadMode
 .text.xTimerGetExpiryTime
                0x0000000000005ab4       0x18 ./FreeRTOS/timers.o
                0x0000000000005ab4                xTimerGetExpiryTime
 .text.pcTimerGetName
                0x0000000000005acc       0x18 ./FreeRTOS/timers.o
                0x0000000000005acc                pcTimerGetName
 .text.xTimerIsTimerActive
                0x0000000000005ae4       0x34 ./FreeRTOS/timers.o
                0x0000000000005ae4                xTimerIsTimerActive
 .text.pvTimerGetTimerID
                0x0000000000005b18       0x26 ./FreeRTOS/timers.o
                0x0000000000005b18                pvTimerGetTimerID
 .text.vTimerSetTimerID
                0x0000000000005b3e       0x26 ./FreeRTOS/timers.o
                0x0000000000005b3e                vTimerSetTimerID
 .text.prvTaskExitError
                0x0000000000005b64       0x40 ./FreeRTOS/portable/GCC/ARM_CM4F/port.o
 .text.prvPortStartFirstTask
                0x0000000000005ba4       0x28 ./FreeRTOS/portable/GCC/ARM_CM4F/port.o
 .text.vPortEnableVFP
                0x0000000000005bcc       0x14 ./FreeRTOS/portable/GCC/ARM_CM4F/port.o
 .text.pxPortInitialiseStack
                0x0000000000005be0       0x2c ./FreeRTOS/portable/GCC/ARM_CM4F/port.o
                0x0000000000005be0                pxPortInitialiseStack
 *fill*         0x0000000000005c0c        0x4 
 .text.vPortSVCHandler
                0x0000000000005c10       0x24 ./FreeRTOS/portable/GCC/ARM_CM4F/port.o
                0x0000000000005c10                vPortSVCHandler
 .text.vPortEndScheduler
                0x0000000000005c34       0x24 ./FreeRTOS/portable/GCC/ARM_CM4F/port.o
                0x0000000000005c34                vPortEndScheduler
 .text.vPortEnterCritical
                0x0000000000005c58       0x44 ./FreeRTOS/portable/GCC/ARM_CM4F/port.o
                0x0000000000005c58                vPortEnterCritical
 .text.vPortExitCritical
                0x0000000000005c9c       0x2c ./FreeRTOS/portable/GCC/ARM_CM4F/port.o
                0x0000000000005c9c                vPortExitCritical
 *fill*         0x0000000000005cc8        0x8 
 .text.xPortPendSVHandler
                0x0000000000005cd0       0x64 ./FreeRTOS/portable/GCC/ARM_CM4F/port.o
                0x0000000000005cd0                xPortPendSVHandler
 .text.xPortSysTickHandler
                0x0000000000005d34       0x2c ./FreeRTOS/portable/GCC/ARM_CM4F/port.o
                0x0000000000005d34                xPortSysTickHandler
 .text.vPortSetupTimerInterrupt
                0x0000000000005d60       0x28 ./FreeRTOS/portable/GCC/ARM_CM4F/port.o
                0x0000000000005d60                vPortSetupTimerInterrupt
 .text.xPortStartScheduler
                0x0000000000005d88      0x110 ./FreeRTOS/portable/GCC/ARM_CM4F/port.o
                0x0000000000005d88                xPortStartScheduler
 .text.vPortValidateInterruptPriority
                0x0000000000005e98       0x5c ./FreeRTOS/portable/GCC/ARM_CM4F/port.o
                0x0000000000005e98                vPortValidateInterruptPriority
 .text.prvHeapInit
                0x0000000000005ef4       0x64 ./FreeRTOS/portable/MemMang/heap_4.o
 .text.prvInsertBlockIntoFreeList
                0x0000000000005f58       0x58 ./FreeRTOS/portable/MemMang/heap_4.o
 .text.pvPortMalloc
                0x0000000000005fb0      0x114 ./FreeRTOS/portable/MemMang/heap_4.o
                0x0000000000005fb0                pvPortMalloc
 .text.vPortFree
                0x00000000000060c4       0x7c ./FreeRTOS/portable/MemMang/heap_4.o
                0x00000000000060c4                vPortFree
 .text.xPortGetFreeHeapSize
                0x0000000000006140        0xc ./FreeRTOS/portable/MemMang/heap_4.o
                0x0000000000006140                xPortGetFreeHeapSize
 .text.xPortGetMinimumEverFreeHeapSize
                0x000000000000614c        0xc ./FreeRTOS/portable/MemMang/heap_4.o
                0x000000000000614c                xPortGetMinimumEverFreeHeapSize
 .text.vPortInitialiseBlocks
                0x0000000000006158        0x2 ./FreeRTOS/portable/MemMang/heap_4.o
                0x0000000000006158                vPortInitialiseBlocks
 *fill*         0x000000000000615a        0x2 
 .text.vPortGetHeapStats
                0x000000000000615c       0x80 ./FreeRTOS/portable/MemMang/heap_4.o
                0x000000000000615c                vPortGetHeapStats
 .text.fs_open  0x00000000000061dc       0x48 ./lwip/apps/httpserver_raw/fs.o
                0x00000000000061dc                fs_open
 .text.fs_close
                0x0000000000006224        0x2 ./lwip/apps/httpserver_raw/fs.o
                0x0000000000006224                fs_close
 .text.fs_bytes_left
                0x0000000000006226        0x8 ./lwip/apps/httpserver_raw/fs.o
                0x0000000000006226                fs_bytes_left
 *fill*         0x000000000000622e        0x2 
 .text.httpd_init_pcb
                0x0000000000006230       0x6c ./lwip/apps/httpserver_raw/httpd.o
 .text.get_http_content_length
                0x000000000000629c       0x80 ./lwip/apps/httpserver_raw/httpd.o
 .text.http_write
                0x000000000000631c       0x98 ./lwip/apps/httpserver_raw/httpd.o
 .text.http_send_data_nonssi
                0x00000000000063b4       0x42 ./lwip/apps/httpserver_raw/httpd.o
 *fill*         0x00000000000063f6        0x2 
 .text.get_tag_insert
                0x00000000000063f8      0x11c ./lwip/apps/httpserver_raw/httpd.o
 .text.http_send_data_ssi
                0x0000000000006514      0x388 ./lwip/apps/httpserver_raw/httpd.o
 .text.http_ssi_state_free
                0x000000000000689c        0xc ./lwip/apps/httpserver_raw/httpd.o
 .text.http_state_eof
                0x00000000000068a8       0x2a ./lwip/apps/httpserver_raw/httpd.o
 .text.http_state_free
                0x00000000000068d2       0x14 ./lwip/apps/httpserver_raw/httpd.o
 *fill*         0x00000000000068e6        0x2 
 .text.http_close_or_abort_conn
                0x00000000000068e8       0x60 ./lwip/apps/httpserver_raw/httpd.o
 .text.http_close_conn
                0x0000000000006948        0xa ./lwip/apps/httpserver_raw/httpd.o
 .text.http_eof
                0x0000000000006952        0x8 ./lwip/apps/httpserver_raw/httpd.o
 *fill*         0x000000000000695a        0x2 
 .text.http_check_eof
                0x000000000000695c       0x48 ./lwip/apps/httpserver_raw/httpd.o
 .text.http_send_headers
                0x00000000000069a4      0x11e ./lwip/apps/httpserver_raw/httpd.o
 .text.http_send
                0x0000000000006ac2       0x78 ./lwip/apps/httpserver_raw/httpd.o
 .text.http_sent
                0x0000000000006b3a       0x1c ./lwip/apps/httpserver_raw/httpd.o
 .text.http_err
                0x0000000000006b56        0xc ./lwip/apps/httpserver_raw/httpd.o
 .text.http_poll
                0x0000000000006b62       0x42 ./lwip/apps/httpserver_raw/httpd.o
 .text.http_get_404_file
                0x0000000000006ba4       0x44 ./lwip/apps/httpserver_raw/httpd.o
 .text.extract_uri_parameters
                0x0000000000006be8       0x7a ./lwip/apps/httpserver_raw/httpd.o
 *fill*         0x0000000000006c62        0x2 
 .text.http_uri_is_ssi
                0x0000000000006c64       0x60 ./lwip/apps/httpserver_raw/httpd.o
 .text.http_ssi_state_alloc
                0x0000000000006cc4       0x18 ./lwip/apps/httpserver_raw/httpd.o
 .text.http_state_init
                0x0000000000006cdc       0x14 ./lwip/apps/httpserver_raw/httpd.o
 .text.http_state_alloc
                0x0000000000006cf0       0x14 ./lwip/apps/httpserver_raw/httpd.o
 .text.http_accept
                0x0000000000006d04       0x6c ./lwip/apps/httpserver_raw/httpd.o
 .text.get_http_headers
                0x0000000000006d70      0x118 ./lwip/apps/httpserver_raw/httpd.o
 .text.http_init_file
                0x0000000000006e88       0xd8 ./lwip/apps/httpserver_raw/httpd.o
 .text.http_find_file
                0x0000000000006f60      0x19c ./lwip/apps/httpserver_raw/httpd.o
 .text.http_parse_request
                0x00000000000070fc      0x150 ./lwip/apps/httpserver_raw/httpd.o
 .text.http_recv
                0x000000000000724c       0xb0 ./lwip/apps/httpserver_raw/httpd.o
 .text.httpd_init
                0x00000000000072fc       0x34 ./lwip/apps/httpserver_raw/httpd.o
                0x00000000000072fc                httpd_init
 .text.http_set_ssi_handler
                0x0000000000007330       0x70 ./lwip/apps/httpserver_raw/httpd.o
                0x0000000000007330                http_set_ssi_handler
 .text.http_set_cgi_handlers
                0x00000000000073a0       0x50 ./lwip/apps/httpserver_raw/httpd.o
                0x00000000000073a0                http_set_cgi_handlers
 .text.lwIPPrivateInit
                0x00000000000073f0       0xc4 ./lwip/lwiplib.o
 .text.lwIPLinkDetect
                0x00000000000074b4       0x7c ./lwip/lwiplib.o
 .text.lwIPPrivateLinkTimer
                0x0000000000007530       0x18 ./lwip/lwiplib.o
 .text.lwIPPrivateNetworkConfigChange
                0x0000000000007548       0xa0 ./lwip/lwiplib.o
 .text.lwIPPrivateHostTimer
                0x00000000000075e8       0x18 ./lwip/lwiplib.o
 .text.lwIPInterruptTask
                0x0000000000007600       0x44 ./lwip/lwiplib.o
 .text.lwIPInit
                0x0000000000007644      0x114 ./lwip/lwiplib.o
                0x0000000000007644                lwIPInit
 .text.lwIPTimerCallbackRegister
                0x0000000000007758        0xc ./lwip/lwiplib.o
                0x0000000000007758                lwIPTimerCallbackRegister
 .text.lwIPEthernetIntHandler
                0x0000000000007764       0x90 ./lwip/lwiplib.o
                0x0000000000007764                lwIPEthernetIntHandler
 .text.lwIPLocalIPAddrGet
                0x00000000000077f4       0x1c ./lwip/lwiplib.o
                0x00000000000077f4                lwIPLocalIPAddrGet
 .text.lwIPLocalNetMaskGet
                0x0000000000007810        0xc ./lwip/lwiplib.o
                0x0000000000007810                lwIPLocalNetMaskGet
 .text.lwIPLocalGWAddrGet
                0x000000000000781c        0xc ./lwip/lwiplib.o
                0x000000000000781c                lwIPLocalGWAddrGet
 .text.lwIPLocalMACGet
                0x0000000000007828       0x1c ./lwip/lwiplib.o
                0x0000000000007828                lwIPLocalMACGet
 .text.lwIPNetworkConfigChange
                0x0000000000007844       0x28 ./lwip/lwiplib.o
                0x0000000000007844                lwIPNetworkConfigChange
 .text.tivaif_process_transmit
                0x000000000000786c       0x56 ./lwip/port/tiva-tm4c129.o
 *fill*         0x00000000000078c2        0x2 
 .text.tivaif_check_pbuf
                0x00000000000078c4       0x50 ./lwip/port/tiva-tm4c129.o
 .text.tivaif_transmit
                0x0000000000007914      0x11c ./lwip/port/tiva-tm4c129.o
 .text.tivaif_receive
                0x0000000000007a30      0x146 ./lwip/port/tiva-tm4c129.o
 *fill*         0x0000000000007b76        0x2 
 .text.InitDMADescriptors
                0x0000000000007b78       0xf4 ./lwip/port/tiva-tm4c129.o
                0x0000000000007b78                InitDMADescriptors
 .text.tivaif_hwinit
                0x0000000000007c6c       0xbc ./lwip/port/tiva-tm4c129.o
 .text.tivaif_init
                0x0000000000007d28       0x58 ./lwip/port/tiva-tm4c129.o
                0x0000000000007d28                tivaif_init
 .text.tivaif_process_phy_interrupt
                0x0000000000007d80       0xa0 ./lwip/port/tiva-tm4c129.o
                0x0000000000007d80                tivaif_process_phy_interrupt
 .text.tivaif_interrupt
                0x0000000000007e20       0x58 ./lwip/port/tiva-tm4c129.o
                0x0000000000007e20                tivaif_interrupt
 .text.netconn_apimsg
                0x0000000000007e78       0x18 ./lwip/src/api/api_lib.o
 .text.netconn_tcp_recvd_msg
                0x0000000000007e90       0x40 ./lwip/src/api/api_lib.o
 .text.netconn_close_shutdown
                0x0000000000007ed0       0x44 ./lwip/src/api/api_lib.o
 .text.netconn_new_with_proto_and_callback
                0x0000000000007f14       0xb8 ./lwip/src/api/api_lib.o
                0x0000000000007f14                netconn_new_with_proto_and_callback
 .text.netconn_prepare_delete
                0x0000000000007fcc       0x24 ./lwip/src/api/api_lib.o
                0x0000000000007fcc                netconn_prepare_delete
 .text.netconn_delete
                0x0000000000007ff0       0x1c ./lwip/src/api/api_lib.o
                0x0000000000007ff0                netconn_delete
 .text.netconn_getaddr
                0x000000000000800c       0x74 ./lwip/src/api/api_lib.o
                0x000000000000800c                netconn_getaddr
 .text.netconn_bind
                0x0000000000008080       0x4c ./lwip/src/api/api_lib.o
                0x0000000000008080                netconn_bind
 .text.netconn_bind_if
                0x00000000000080cc       0x40 ./lwip/src/api/api_lib.o
                0x00000000000080cc                netconn_bind_if
 .text.netconn_connect
                0x000000000000810c       0x4c ./lwip/src/api/api_lib.o
                0x000000000000810c                netconn_connect
 .text.netconn_disconnect
                0x0000000000008158       0x3c ./lwip/src/api/api_lib.o
                0x0000000000008158                netconn_disconnect
 .text.netconn_listen_with_backlog
                0x0000000000008194       0x3c ./lwip/src/api/api_lib.o
                0x0000000000008194                netconn_listen_with_backlog
 .text.netconn_tcp_recvd
                0x00000000000081d0       0x3c ./lwip/src/api/api_lib.o
                0x00000000000081d0                netconn_tcp_recvd
 .text.netconn_send
                0x000000000000820c       0x3c ./lwip/src/api/api_lib.o
                0x000000000000820c                netconn_send
 .text.netconn_sendto
                0x0000000000008248       0x20 ./lwip/src/api/api_lib.o
                0x0000000000008248                netconn_sendto
 .text.netconn_write_vectors_partly
                0x0000000000008268      0x114 ./lwip/src/api/api_lib.o
                0x0000000000008268                netconn_write_vectors_partly
 .text.netconn_write_partly
                0x000000000000837c       0x1a ./lwip/src/api/api_lib.o
                0x000000000000837c                netconn_write_partly
 .text.netconn_close
                0x0000000000008396        0xa ./lwip/src/api/api_lib.o
                0x0000000000008396                netconn_close
 .text.netconn_err
                0x00000000000083a0       0x1e ./lwip/src/api/api_lib.o
                0x00000000000083a0                netconn_err
 *fill*         0x00000000000083be        0x2 
 .text.netconn_accept
                0x00000000000083c0       0xd8 ./lwip/src/api/api_lib.o
                0x00000000000083c0                netconn_accept
 .text.netconn_recv_data
                0x0000000000008498      0x138 ./lwip/src/api/api_lib.o
 .text.netconn_recv_udp_raw_netbuf
                0x00000000000085d0       0x38 ./lwip/src/api/api_lib.o
                0x00000000000085d0                netconn_recv_udp_raw_netbuf
 .text.netconn_recv_udp_raw_netbuf_flags
                0x0000000000008608       0x34 ./lwip/src/api/api_lib.o
                0x0000000000008608                netconn_recv_udp_raw_netbuf_flags
 .text.netconn_recv_data_tcp
                0x000000000000863c       0xac ./lwip/src/api/api_lib.o
 .text.netconn_recv_tcp_pbuf
                0x00000000000086e8       0x38 ./lwip/src/api/api_lib.o
                0x00000000000086e8                netconn_recv_tcp_pbuf
 .text.netconn_recv_tcp_pbuf_flags
                0x0000000000008720       0x34 ./lwip/src/api/api_lib.o
                0x0000000000008720                netconn_recv_tcp_pbuf_flags
 .text.netconn_recv
                0x0000000000008754       0xb8 ./lwip/src/api/api_lib.o
                0x0000000000008754                netconn_recv
 .text.netconn_shutdown
                0x000000000000880c       0x1a ./lwip/src/api/api_lib.o
                0x000000000000880c                netconn_shutdown
 *fill*         0x0000000000008826        0x2 
 .text.netconn_gethostbyname
                0x0000000000008828       0x84 ./lwip/src/api/api_lib.o
                0x0000000000008828                netconn_gethostbyname
 .text.lwip_netconn_err_to_msg
                0x00000000000088ac       0x50 ./lwip/src/api/api_msg.o
 .text.recv_udp
                0x00000000000088fc       0xc4 ./lwip/src/api/api_msg.o
 .text.setup_tcp
                0x00000000000089c0       0x40 ./lwip/src/api/api_msg.o
 .text.pcb_new  0x0000000000008a00       0x88 ./lwip/src/api/api_msg.o
 .text.err_tcp  0x0000000000008a88      0x12c ./lwip/src/api/api_msg.o
 .text.lwip_netconn_do_connected
                0x0000000000008bb4       0xcc ./lwip/src/api/api_msg.o
 .text.lwip_netconn_do_dns_found
                0x0000000000008c80       0x22 ./lwip/src/api/api_msg.o
 *fill*         0x0000000000008ca2        0x2 
 .text.lwip_netconn_do_writemore
                0x0000000000008ca4      0x2c8 ./lwip/src/api/api_msg.o
 .text.lwip_netconn_do_close_internal
                0x0000000000008f6c      0x22c ./lwip/src/api/api_msg.o
 .text.poll_tcp
                0x0000000000009198       0x7c ./lwip/src/api/api_msg.o
 .text.sent_tcp
                0x0000000000009214       0x78 ./lwip/src/api/api_msg.o
 .text.recv_tcp
                0x000000000000928c       0xcc ./lwip/src/api/api_msg.o
 .text.lwip_netconn_is_err_msg
                0x0000000000009358       0x5c ./lwip/src/api/api_msg.o
                0x0000000000009358                lwip_netconn_is_err_msg
 .text.lwip_netconn_do_newconn
                0x00000000000093b4       0x14 ./lwip/src/api/api_msg.o
                0x00000000000093b4                lwip_netconn_do_newconn
 .text.netconn_alloc
                0x00000000000093c8       0x90 ./lwip/src/api/api_msg.o
                0x00000000000093c8                netconn_alloc
 .text.netconn_free
                0x0000000000009458       0x78 ./lwip/src/api/api_msg.o
                0x0000000000009458                netconn_free
 .text.netconn_drain
                0x00000000000094d0       0xa8 ./lwip/src/api/api_msg.o
 .text.accept_function
                0x0000000000009578      0x128 ./lwip/src/api/api_msg.o
 .text.lwip_netconn_do_delconn
                0x00000000000096a0      0x148 ./lwip/src/api/api_msg.o
                0x00000000000096a0                lwip_netconn_do_delconn
 .text.lwip_netconn_do_bind
                0x00000000000097e8       0x3a ./lwip/src/api/api_msg.o
                0x00000000000097e8                lwip_netconn_do_bind
 .text.lwip_netconn_do_bind_if
                0x0000000000009822       0x46 ./lwip/src/api/api_msg.o
                0x0000000000009822                lwip_netconn_do_bind_if
 .text.lwip_netconn_do_connect
                0x0000000000009868      0x10c ./lwip/src/api/api_msg.o
                0x0000000000009868                lwip_netconn_do_connect
 .text.lwip_netconn_do_disconnect
                0x0000000000009974       0x22 ./lwip/src/api/api_msg.o
                0x0000000000009974                lwip_netconn_do_disconnect
 *fill*         0x0000000000009996        0x2 
 .text.lwip_netconn_do_listen
                0x0000000000009998       0xdc ./lwip/src/api/api_msg.o
                0x0000000000009998                lwip_netconn_do_listen
 .text.lwip_netconn_do_send
                0x0000000000009a74       0x4c ./lwip/src/api/api_msg.o
                0x0000000000009a74                lwip_netconn_do_send
 .text.lwip_netconn_do_recv
                0x0000000000009ac0       0x3c ./lwip/src/api/api_msg.o
                0x0000000000009ac0                lwip_netconn_do_recv
 .text.lwip_netconn_do_write
                0x0000000000009afc       0xd8 ./lwip/src/api/api_msg.o
                0x0000000000009afc                lwip_netconn_do_write
 .text.lwip_netconn_do_getaddr
                0x0000000000009bd4       0x9c ./lwip/src/api/api_msg.o
                0x0000000000009bd4                lwip_netconn_do_getaddr
 .text.lwip_netconn_do_close
                0x0000000000009c70       0xd0 ./lwip/src/api/api_msg.o
                0x0000000000009c70                lwip_netconn_do_close
 .text.lwip_netconn_do_gethostbyname
                0x0000000000009d40       0x70 ./lwip/src/api/api_msg.o
                0x0000000000009d40                lwip_netconn_do_gethostbyname
 .text.err_to_errno
                0x0000000000009db0       0x20 ./lwip/src/api/err.o
                0x0000000000009db0                err_to_errno
 .text.lwip_if_indextoname
                0x0000000000009dd0       0x10 ./lwip/src/api/if_api.o
                0x0000000000009dd0                lwip_if_indextoname
 .text.lwip_if_nametoindex
                0x0000000000009de0        0x4 ./lwip/src/api/if_api.o
                0x0000000000009de0                lwip_if_nametoindex
 .text.netbuf_new
                0x0000000000009de4       0x1a ./lwip/src/api/netbuf.o
                0x0000000000009de4                netbuf_new
 .text.netbuf_delete
                0x0000000000009dfe       0x20 ./lwip/src/api/netbuf.o
                0x0000000000009dfe                netbuf_delete
 *fill*         0x0000000000009e1e        0x2 
 .text.netbuf_alloc
                0x0000000000009e20       0x60 ./lwip/src/api/netbuf.o
                0x0000000000009e20                netbuf_alloc
 .text.netbuf_free
                0x0000000000009e80       0x30 ./lwip/src/api/netbuf.o
                0x0000000000009e80                netbuf_free
 .text.netbuf_ref
                0x0000000000009eb0       0x5c ./lwip/src/api/netbuf.o
                0x0000000000009eb0                netbuf_ref
 .text.netbuf_chain
                0x0000000000009f0c       0x4c ./lwip/src/api/netbuf.o
                0x0000000000009f0c                netbuf_chain
 .text.netbuf_data
                0x0000000000009f58       0x6c ./lwip/src/api/netbuf.o
                0x0000000000009f58                netbuf_data
 .text.netbuf_next
                0x0000000000009fc4       0x3c ./lwip/src/api/netbuf.o
                0x0000000000009fc4                netbuf_next
 .text.netbuf_first
                0x000000000000a000       0x24 ./lwip/src/api/netbuf.o
                0x000000000000a000                netbuf_first
 .text.lwip_gethostbyname
                0x000000000000a024       0x68 ./lwip/src/api/netdb.o
                0x000000000000a024                lwip_gethostbyname
 .text.lwip_gethostbyname_r
                0x000000000000a08c       0xb0 ./lwip/src/api/netdb.o
                0x000000000000a08c                lwip_gethostbyname_r
 .text.lwip_freeaddrinfo
                0x000000000000a13c       0x18 ./lwip/src/api/netdb.o
                0x000000000000a13c                lwip_freeaddrinfo
 .text.lwip_getaddrinfo
                0x000000000000a154      0x164 ./lwip/src/api/netdb.o
                0x000000000000a154                lwip_getaddrinfo
 .text.tryget_socket_unconn_nouse
                0x000000000000a2b8       0x14 ./lwip/src/api/sockets.o
 .text.tryget_socket_unconn
                0x000000000000a2cc        0x8 ./lwip/src/api/sockets.o
 .text.tryget_socket_unconn_locked
                0x000000000000a2d4        0x8 ./lwip/src/api/sockets.o
 .text.tryget_socket
                0x000000000000a2dc       0x1a ./lwip/src/api/sockets.o
 *fill*         0x000000000000a2f6        0x2 
 .text.get_socket
                0x000000000000a2f8       0x1c ./lwip/src/api/sockets.o
 .text.free_socket_locked
                0x000000000000a314       0x12 ./lwip/src/api/sockets.o
 .text.lwip_poll_should_wake
                0x000000000000a326       0x4c ./lwip/src/api/sockets.o
 *fill*         0x000000000000a372        0x2 
 .text.lwip_sockopt_to_ipopt
                0x000000000000a374       0x30 ./lwip/src/api/sockets.o
 .text.alloc_socket
                0x000000000000a3a4       0x88 ./lwip/src/api/sockets.o
 .text.lwip_selscan
                0x000000000000a42c      0x1a8 ./lwip/src/api/sockets.o
 .text.lwip_pollscan
                0x000000000000a5d4      0x148 ./lwip/src/api/sockets.o
 .text.lwip_link_select_cb
                0x000000000000a71c       0x28 ./lwip/src/api/sockets.o
 .text.lwip_unlink_select_cb
                0x000000000000a744       0x70 ./lwip/src/api/sockets.o
 .text.lwip_sock_make_addr
                0x000000000000a7b4       0xa0 ./lwip/src/api/sockets.o
 .text.lwip_recv_tcp_from
                0x000000000000a854       0x3e ./lwip/src/api/sockets.o
 *fill*         0x000000000000a892        0x2 
 .text.lwip_getaddrname
                0x000000000000a894       0x80 ./lwip/src/api/sockets.o
 .text.free_socket_free_elements
                0x000000000000a914       0x22 ./lwip/src/api/sockets.o
 .text.free_socket
                0x000000000000a936       0x34 ./lwip/src/api/sockets.o
 *fill*         0x000000000000a96a        0x2 
 .text.lwip_recv_tcp
                0x000000000000a96c      0x17c ./lwip/src/api/sockets.o
 .text.lwip_recvfrom_udp_raw
                0x000000000000aae8      0x114 ./lwip/src/api/sockets.o
 .text.select_check_waiters
                0x000000000000abfc       0xa8 ./lwip/src/api/sockets.o
 .text.event_callback
                0x000000000000aca4       0xf0 ./lwip/src/api/sockets.o
 .text.lwip_getsockopt_impl
                0x000000000000ad94      0x2a4 ./lwip/src/api/sockets.o
 .text.lwip_setsockopt_impl
                0x000000000000b038      0x294 ./lwip/src/api/sockets.o
 .text.lwip_socket_thread_init
                0x000000000000b2cc        0x2 ./lwip/src/api/sockets.o
                0x000000000000b2cc                lwip_socket_thread_init
 .text.lwip_socket_thread_cleanup
                0x000000000000b2ce        0x2 ./lwip/src/api/sockets.o
                0x000000000000b2ce                lwip_socket_thread_cleanup
 .text.lwip_socket_dbg_get_socket
                0x000000000000b2d0        0x8 ./lwip/src/api/sockets.o
                0x000000000000b2d0                lwip_socket_dbg_get_socket
 .text.lwip_accept
                0x000000000000b2d8      0x188 ./lwip/src/api/sockets.o
                0x000000000000b2d8                lwip_accept
 .text.lwip_bind
                0x000000000000b460       0x94 ./lwip/src/api/sockets.o
                0x000000000000b460                lwip_bind
 .text.lwip_close
                0x000000000000b4f4       0x78 ./lwip/src/api/sockets.o
                0x000000000000b4f4                lwip_close
 .text.lwip_connect
                0x000000000000b56c       0x9c ./lwip/src/api/sockets.o
                0x000000000000b56c                lwip_connect
 .text.lwip_listen
                0x000000000000b608       0x60 ./lwip/src/api/sockets.o
                0x000000000000b608                lwip_listen
 .text.lwip_recvfrom
                0x000000000000b668       0xc8 ./lwip/src/api/sockets.o
                0x000000000000b668                lwip_recvfrom
 .text.lwip_read
                0x000000000000b730       0x14 ./lwip/src/api/sockets.o
                0x000000000000b730                lwip_read
 .text.lwip_recv
                0x000000000000b744       0x12 ./lwip/src/api/sockets.o
                0x000000000000b744                lwip_recv
 *fill*         0x000000000000b756        0x2 
 .text.lwip_recvmsg
                0x000000000000b758      0x16c ./lwip/src/api/sockets.o
                0x000000000000b758                lwip_recvmsg
 .text.lwip_readv
                0x000000000000b8c4       0x22 ./lwip/src/api/sockets.o
                0x000000000000b8c4                lwip_readv
 *fill*         0x000000000000b8e6        0x2 
 .text.lwip_sendmsg
                0x000000000000b8e8      0x23c ./lwip/src/api/sockets.o
                0x000000000000b8e8                lwip_sendmsg
 .text.lwip_sendto
                0x000000000000bb24      0x100 ./lwip/src/api/sockets.o
                0x000000000000bb24                lwip_sendto
 .text.lwip_send
                0x000000000000bc24       0x80 ./lwip/src/api/sockets.o
                0x000000000000bc24                lwip_send
 .text.lwip_socket
                0x000000000000bca4       0x88 ./lwip/src/api/sockets.o
                0x000000000000bca4                lwip_socket
 .text.lwip_write
                0x000000000000bd2c        0xa ./lwip/src/api/sockets.o
                0x000000000000bd2c                lwip_write
 .text.lwip_writev
                0x000000000000bd36       0x22 ./lwip/src/api/sockets.o
                0x000000000000bd36                lwip_writev
 .text.lwip_select
                0x000000000000bd58      0x29c ./lwip/src/api/sockets.o
                0x000000000000bd58                lwip_select
 .text.lwip_poll
                0x000000000000bff4       0xd4 ./lwip/src/api/sockets.o
                0x000000000000bff4                lwip_poll
 .text.lwip_shutdown
                0x000000000000c0c8       0x7c ./lwip/src/api/sockets.o
                0x000000000000c0c8                lwip_shutdown
 .text.lwip_getpeername
                0x000000000000c144        0xa ./lwip/src/api/sockets.o
                0x000000000000c144                lwip_getpeername
 .text.lwip_getsockname
                0x000000000000c14e        0xa ./lwip/src/api/sockets.o
                0x000000000000c14e                lwip_getsockname
 .text.lwip_getsockopt
                0x000000000000c158       0x68 ./lwip/src/api/sockets.o
                0x000000000000c158                lwip_getsockopt
 .text.lwip_setsockopt
                0x000000000000c1c0       0x68 ./lwip/src/api/sockets.o
                0x000000000000c1c0                lwip_setsockopt
 .text.lwip_ioctl
                0x000000000000c228       0x58 ./lwip/src/api/sockets.o
                0x000000000000c228                lwip_ioctl
 .text.lwip_fcntl
                0x000000000000c280       0xb8 ./lwip/src/api/sockets.o
                0x000000000000c280                lwip_fcntl
 .text.lwip_inet_ntop
                0x000000000000c338       0x40 ./lwip/src/api/sockets.o
                0x000000000000c338                lwip_inet_ntop
 .text.lwip_inet_pton
                0x000000000000c378       0x24 ./lwip/src/api/sockets.o
                0x000000000000c378                lwip_inet_pton
 .text.tcpip_timeouts_mbox_fetch
                0x000000000000c39c       0x60 ./lwip/src/api/tcpip.o
 .text.tcpip_thread_handle_msg
                0x000000000000c3fc       0x60 ./lwip/src/api/tcpip.o